Archive member included to satisfy reference by file (symbol)

/usr/local/mcuxpressoide-11.7.1_9221/ide/plugins/com.nxp.mcuxpresso.tools.linux_11.7.1.202301190959/tools/bin/../lib/gcc/arm-none-eabi/10.3.1/../../../../arm-none-eabi/lib/thumb/v7e-m+fp/hard/libcr_nohost_nf.a(_cr__main.o)
                              ./startup/startup_mk64f12.o (__main)
/usr/local/mcuxpressoide-11.7.1_9221/ide/plugins/com.nxp.mcuxpresso.tools.linux_11.7.1.202301190959/tools/bin/../lib/gcc/arm-none-eabi/10.3.1/../../../../arm-none-eabi/lib/thumb/v7e-m+fp/hard/libcr_nohost_nf.a(_cr_assert.o)
                              ./drivers/fsl_adc16.o (__assertion_failed)
/usr/local/mcuxpressoide-11.7.1_9221/ide/plugins/com.nxp.mcuxpresso.tools.linux_11.7.1.202301190959/tools/bin/../lib/gcc/arm-none-eabi/10.3.1/../../../../arm-none-eabi/lib/thumb/v7e-m+fp/hard/libcr_nohost_nf.a(__ciob.o)
                              /usr/local/mcuxpressoide-11.7.1_9221/ide/plugins/com.nxp.mcuxpresso.tools.linux_11.7.1.202301190959/tools/bin/../lib/gcc/arm-none-eabi/10.3.1/../../../../arm-none-eabi/lib/thumb/v7e-m+fp/hard/libcr_nohost_nf.a(_cr_assert.o) (__Ciob)
/usr/local/mcuxpressoide-11.7.1_9221/ide/plugins/com.nxp.mcuxpresso.tools.linux_11.7.1.202301190959/tools/bin/../lib/gcc/arm-none-eabi/10.3.1/../../../../arm-none-eabi/lib/thumb/v7e-m+fp/hard/libcr_nohost_nf.a(__sys_appexit.o)
                              /usr/local/mcuxpressoide-11.7.1_9221/ide/plugins/com.nxp.mcuxpresso.tools.linux_11.7.1.202301190959/tools/bin/../lib/gcc/arm-none-eabi/10.3.1/../../../../arm-none-eabi/lib/thumb/v7e-m+fp/hard/libcr_nohost_nf.a(_cr_assert.o) (__sys_appexit)
/usr/local/mcuxpressoide-11.7.1_9221/ide/plugins/com.nxp.mcuxpresso.tools.linux_11.7.1.202301190959/tools/bin/../lib/gcc/arm-none-eabi/10.3.1/../../../../arm-none-eabi/lib/thumb/v7e-m+fp/hard/libcr_c.a(memcpy.o)
                              ./utilities/fsl_str.o (memcpy)
/usr/local/mcuxpressoide-11.7.1_9221/ide/plugins/com.nxp.mcuxpresso.tools.linux_11.7.1.202301190959/tools/bin/../lib/gcc/arm-none-eabi/10.3.1/../../../../arm-none-eabi/lib/thumb/v7e-m+fp/hard/libcr_c.a(memset.o)
                              ./utilities/fsl_debug_console.o (memset)
/usr/local/mcuxpressoide-11.7.1_9221/ide/plugins/com.nxp.mcuxpresso.tools.linux_11.7.1.202301190959/tools/bin/../lib/gcc/arm-none-eabi/10.3.1/../../../../arm-none-eabi/lib/thumb/v7e-m+fp/hard/libcr_c.a(_deferredlazyseek.o)
                              /usr/local/mcuxpressoide-11.7.1_9221/ide/plugins/com.nxp.mcuxpresso.tools.linux_11.7.1.202301190959/tools/bin/../lib/gcc/arm-none-eabi/10.3.1/../../../../arm-none-eabi/lib/thumb/v7e-m+fp/hard/libcr_nohost_nf.a(_cr_assert.o) (__flsbuf)
/usr/local/mcuxpressoide-11.7.1_9221/ide/plugins/com.nxp.mcuxpresso.tools.linux_11.7.1.202301190959/tools/bin/../lib/gcc/arm-none-eabi/10.3.1/../../../../arm-none-eabi/lib/thumb/v7e-m+fp/hard/libcr_c.a(_fflush.o)
                              /usr/local/mcuxpressoide-11.7.1_9221/ide/plugins/com.nxp.mcuxpresso.tools.linux_11.7.1.202301190959/tools/bin/../lib/gcc/arm-none-eabi/10.3.1/../../../../arm-none-eabi/lib/thumb/v7e-m+fp/hard/libcr_c.a(_deferredlazyseek.o) (_fflush)
/usr/local/mcuxpressoide-11.7.1_9221/ide/plugins/com.nxp.mcuxpresso.tools.linux_11.7.1.202301190959/tools/bin/../lib/gcc/arm-none-eabi/10.3.1/../../../../arm-none-eabi/lib/thumb/v7e-m+fp/hard/libcr_c.a(_writebuf.o)
                              /usr/local/mcuxpressoide-11.7.1_9221/ide/plugins/com.nxp.mcuxpresso.tools.linux_11.7.1.202301190959/tools/bin/../lib/gcc/arm-none-eabi/10.3.1/../../../../arm-none-eabi/lib/thumb/v7e-m+fp/hard/libcr_c.a(_deferredlazyseek.o) (_Cwritebuf)
/usr/local/mcuxpressoide-11.7.1_9221/ide/plugins/com.nxp.mcuxpresso.tools.linux_11.7.1.202301190959/tools/bin/../lib/gcc/arm-none-eabi/10.3.1/../../../../arm-none-eabi/lib/thumb/v7e-m+fp/hard/libcr_c.a(alloc.o)
                              ./drivers/fsl_common.o (malloc)
/usr/local/mcuxpressoide-11.7.1_9221/ide/plugins/com.nxp.mcuxpresso.tools.linux_11.7.1.202301190959/tools/bin/../lib/gcc/arm-none-eabi/10.3.1/../../../../arm-none-eabi/lib/thumb/v7e-m+fp/hard/libcr_c.a(errno.o)
                              ./utilities/fsl_str.o (errno)
/usr/local/mcuxpressoide-11.7.1_9221/ide/plugins/com.nxp.mcuxpresso.tools.linux_11.7.1.202301190959/tools/bin/../lib/gcc/arm-none-eabi/10.3.1/../../../../arm-none-eabi/lib/thumb/v7e-m+fp/hard/libcr_c.a(fputs.o)
                              /usr/local/mcuxpressoide-11.7.1_9221/ide/plugins/com.nxp.mcuxpresso.tools.linux_11.7.1.202301190959/tools/bin/../lib/gcc/arm-none-eabi/10.3.1/../../../../arm-none-eabi/lib/thumb/v7e-m+fp/hard/libcr_nohost_nf.a(_cr_assert.o) (fputs)
/usr/local/mcuxpressoide-11.7.1_9221/ide/plugins/com.nxp.mcuxpresso.tools.linux_11.7.1.202301190959/tools/bin/../lib/gcc/arm-none-eabi/10.3.1/../../../../arm-none-eabi/lib/thumb/v7e-m+fp/hard/libcr_c.a(fseek.o)
[...]
Memory Configuration

Name             Origin             Length             Attributes
PROGRAM_FLASH    0x0000000000000000 0x0000000000100000 xr
SRAM_UPPER       0x0000000020000000 0x0000000000030000 xrw
SRAM_LOWER       0x000000001fff0000 0x0000000000010000 xrw
FLEX_RAM         0x0000000014000000 0x0000000000001000 xrw
*default*        0x0000000000000000 0xffffffffffffffff

Linker script and memory map

LOAD ./utilities/fsl_debug_console.o
LOAD ./utilities/fsl_str.o
LOAD ./startup/startup_mk64f12.o
LOAD ./source/MK64F12_Project.o
LOAD ./source/semihost_hardfault.o
LOAD ./drivers/fsl_adc16.o
LOAD ./drivers/fsl_clock.o
LOAD ./drivers/fsl_common.o
LOAD ./drivers/fsl_common_arm.o
LOAD ./drivers/fsl_gpio.o
LOAD ./drivers/fsl_i2c.o
LOAD ./drivers/fsl_smc.o
LOAD ./drivers/fsl_uart.o
LOAD ./device/system_MK64F12.o
LOAD ./component/uart/fsl_adapter_uart.o
LOAD ./component/serial_manager/fsl_component_serial_manager.o
LOAD ./component/serial_manager/fsl_component_serial_port_uart.o
LOAD ./component/lists/fsl_component_generic_list.o
LOAD ./board/board.o
LOAD ./board/clock_config.o
LOAD ./board/peripherals.o
LOAD ./board/pin_mux.o
START GROUP
LOAD /usr/local/mcuxpressoide-11.7.1_9221/ide/plugins/com.nxp.mcuxpresso.tools.linux_11.7.1.202301190959/tools/bin/../lib/gcc/arm-none-eabi/10.3.1/../../../../arm-none-eabi/lib/thumb/v7e-m+fp/hard/libcr_nohost_nf.a
LOAD /usr/local/mcuxpressoide-11.7.1_9221/ide/plugins/com.nxp.mcuxpresso.tools.linux_11.7.1.202301190959/tools/bin/../lib/gcc/arm-none-eabi/10.3.1/../../../../arm-none-eabi/lib/thumb/v7e-m+fp/hard/libcr_c.a
LOAD /usr/local/mcuxpressoide-11.7.1_9221/ide/plugins/com.nxp.mcuxpresso.tools.linux_11.7.1.202301190959/tools/bin/../lib/gcc/arm-none-eabi/10.3.1/thumb/v7e-m+fp/hard/libcr_eabihelpers.a
LOAD /usr/local/mcuxpressoide-11.7.1_9221/ide/plugins/com.nxp.mcuxpresso.tools.linux_11.7.1.202301190959/tools/bin/../lib/gcc/arm-none-eabi/10.3.1/thumb/v7e-m+fp/hard/libgcc.a
END GROUP
                0x0000000000000000                __base_PROGRAM_FLASH = 0x0
                0x0000000000000000                __base_Flash = 0x0
                0x0000000000100000                __top_PROGRAM_FLASH = 0x100000
                0x0000000000100000                __top_Flash = 0x100000
                0x0000000020000000                __base_SRAM_UPPER = 0x20000000
                0x0000000020000000                __base_RAM = 0x20000000
                0x0000000020030000                __top_SRAM_UPPER = 0x20030000
                0x0000000020030000                __top_RAM = 0x20030000
                0x000000001fff0000                __base_SRAM_LOWER = 0x1fff0000
                0x000000001fff0000                __base_RAM2 = 0x1fff0000
                0x0000000020000000                __top_SRAM_LOWER = 0x20000000
                0x0000000020000000                __top_RAM2 = 0x20000000
                0x0000000014000000                __base_FLEX_RAM = 0x14000000
                0x0000000014000000                __base_RAM3 = 0x14000000
                0x0000000014001000                __top_FLEX_RAM = 0x14001000
                0x0000000014001000                __top_RAM3 = 0x14001000

.text           0x0000000000000000     0x2c58
 FILL mask 0xff
                0x0000000000000000                __vectors_start__ = ABSOLUTE (.)
 *(SORT_BY_ALIGNMENT(.isr_vector))
 .isr_vector    0x0000000000000000      0x198 ./startup/startup_mk64f12.o
                0x0000000000000000                __Vectors
                0x0000000000000000                g_pfnVectors
                0x0000000000000198                . = ALIGN (0x4)
                0x0000000000000198                __section_table_start = .
                0x0000000000000198                __data_section_table = .
                0x0000000000000198        0x4 LONG 0x2c58 LOADADDR (.data)
                0x000000000000019c        0x4 LONG 0x20000000 ADDR (.data)
                0x00000000000001a0        0x4 LONG 0x10 SIZEOF (.data)
                0x00000000000001a4        0x4 LONG 0x2c58 LOADADDR (.data_RAM2)
                0x00000000000001a8        0x4 LONG 0x1fff0000 ADDR (.data_RAM2)
                0x00000000000001ac        0x4 LONG 0x0 SIZEOF (.data_RAM2)
                0x00000000000001b0        0x4 LONG 0x2c58 LOADADDR (.data_RAM3)
                0x00000000000001b4        0x4 LONG 0x14000000 ADDR (.data_RAM3)
                0x00000000000001b8        0x4 LONG 0x0 SIZEOF (.data_RAM3)
                0x00000000000001bc                __data_section_table_end = .
                0x00000000000001bc                __bss_section_table = .
                0x00000000000001bc        0x4 LONG 0x20000010 ADDR (.bss)
                0x00000000000001c0        0x4 LONG 0xf8 SIZEOF (.bss)
                0x00000000000001c4        0x4 LONG 0x1fff0000 ADDR (.bss_RAM2)
                0x00000000000001c8        0x4 LONG 0x0 SIZEOF (.bss_RAM2)
                0x00000000000001cc        0x4 LONG 0x14000000 ADDR (.bss_RAM3)
                0x00000000000001d0        0x4 LONG 0x0 SIZEOF (.bss_RAM3)
                0x00000000000001d4                __bss_section_table_end = .
                0x00000000000001d4                __section_table_end = .
 *(SORT_BY_ALIGNMENT(.after_vectors*))
 .after_vectors.reset
                0x00000000000001d4       0x4c ./startup/startup_mk64f12.o
                0x00000000000001d4                ResetISR
 .after_vectors.init_data
                0x0000000000000220       0x1e ./startup/startup_mk64f12.o
                0x0000000000000220                data_init
 .after_vectors.init_bss
                0x000000000000023e       0x12 ./startup/startup_mk64f12.o
                0x000000000000023e                bss_init
 .after_vectors
                0x0000000000000250       0x14 ./startup/startup_mk64f12.o
                0x0000000000000250                NMI_Handler
                0x0000000000000254                MemManage_Handler
                0x0000000000000256                BusFault_Handler
                0x0000000000000258                UsageFault_Handler
                0x000000000000025a                SVC_Handler
                0x000000000000025c                DebugMon_Handler
                0x000000000000025e                PendSV_Handler
                0x0000000000000260                SysTick_Handler
                0x0000000000000262                DMA0_DriverIRQHandler
                0x0000000000000262                PORTB_DriverIRQHandler
                0x0000000000000262                DMA12_DriverIRQHandler
                0x0000000000000262                SPI1_DriverIRQHandler
                0x0000000000000262                LPTMR0_DriverIRQHandler
                0x0000000000000262                DMA_Error_DriverIRQHandler
                0x0000000000000262                FTM1_DriverIRQHandler
                0x0000000000000262                FTM2_DriverIRQHandler
                0x0000000000000262                PIT2_DriverIRQHandler
                0x0000000000000262                SDHC_DriverIRQHandler
                0x0000000000000262                I2S0_Tx_DriverIRQHandler
                0x0000000000000262                RTC_Seconds_DriverIRQHandler
                0x0000000000000262                DMA6_DriverIRQHandler
                0x0000000000000262                LLWU_DriverIRQHandler
                0x0000000000000262                MCM_DriverIRQHandler
                0x0000000000000262                MCG_DriverIRQHandler
                0x0000000000000262                ENET_1588_Timer_DriverIRQHandler
                0x0000000000000262                DAC1_DriverIRQHandler
                0x0000000000000262                CMP1_DriverIRQHandler
                0x0000000000000262                FTM0_DriverIRQHandler
                0x0000000000000262                IntDefaultHandler
                0x0000000000000262                USB0_DriverIRQHandler
                0x0000000000000262                UART5_ERR_DriverIRQHandler
                0x0000000000000262                PORTC_DriverIRQHandler
                0x0000000000000262                DMA11_DriverIRQHandler
                0x0000000000000262                DAC0_DriverIRQHandler
                0x0000000000000262                DMA10_DriverIRQHandler
                0x0000000000000262                CMP2_DriverIRQHandler
                0x0000000000000262                UART2_ERR_DriverIRQHandler
                0x0000000000000262                SPI2_DriverIRQHandler
                0x0000000000000262                LVD_LVW_DriverIRQHandler
                0x0000000000000262                PIT0_DriverIRQHandler
                0x0000000000000262                RNG_DriverIRQHandler
                0x0000000000000262                DMA5_DriverIRQHandler
                0x0000000000000262                DMA4_DriverIRQHandler
                0x0000000000000262                USBDCD_DriverIRQHandler
                0x0000000000000262                UART3_ERR_DriverIRQHandler
                0x0000000000000262                DMA3_DriverIRQHandler
                0x0000000000000262                DMA8_DriverIRQHandler
                0x0000000000000262                DMA9_DriverIRQHandler
                0x0000000000000262                UART0_ERR_DriverIRQHandler
                0x0000000000000262                CMT_DriverIRQHandler
                0x0000000000000262                Reserved71_DriverIRQHandler
                0x0000000000000262                ADC1_DriverIRQHandler
                0x0000000000000262                PORTA_DriverIRQHandler
                0x0000000000000262                DMA14_DriverIRQHandler
                0x0000000000000262                PIT3_DriverIRQHandler
                0x0000000000000262                PIT1_DriverIRQHandler
                0x0000000000000262                WDOG_EWM_DriverIRQHandler
                0x0000000000000262                PDB0_DriverIRQHandler
                0x0000000000000262                RTC_DriverIRQHandler
                0x0000000000000262                I2S0_Rx_DriverIRQHandler
                0x0000000000000262                Read_Collision_DriverIRQHandler
                0x0000000000000262                SWI_DriverIRQHandler
                0x0000000000000262                UART4_ERR_DriverIRQHandler
                0x0000000000000262                UART0_LON_DriverIRQHandler
                0x0000000000000262                DMA1_DriverIRQHandler
                0x0000000000000262                ENET_Receive_DriverIRQHandler
                0x0000000000000262                DMA13_DriverIRQHandler
                0x0000000000000262                ENET_Error_DriverIRQHandler
                0x0000000000000262                DMA15_DriverIRQHandler
                0x0000000000000262                SPI0_DriverIRQHandler
                0x0000000000000262                ADC0_DriverIRQHandler
                0x0000000000000262                CMP0_DriverIRQHandler
                0x0000000000000262                CAN0_DriverIRQHandler
                0x0000000000000262                FTM3_DriverIRQHandler
                0x0000000000000262                UART1_ERR_DriverIRQHandler
                0x0000000000000262                DMA2_DriverIRQHandler
                0x0000000000000262                ENET_Transmit_DriverIRQHandler
                0x0000000000000262                PORTD_DriverIRQHandler
                0x0000000000000262                PORTE_DriverIRQHandler
                0x0000000000000262                FTFE_DriverIRQHandler
                0x0000000000000262                DMA7_DriverIRQHandler
                0x0000000000000400                . = 0x400
 *fill*         0x0000000000000264      0x19c ff
                0x0000000000000400                PROVIDE (__FLASH_CONFIG_START__ = .)
 *(SORT_BY_ALIGNMENT(.FlashConfig))
 .FlashConfig   0x0000000000000400       0x10 ./startup/startup_mk64f12.o
                0x0000000000000400                Flash_Config
                0x0000000000000410                PROVIDE (__FLASH_CONFIG_END__ = .)
                0x0000000000000001                ASSERT (! ((__FLASH_CONFIG_START__ == __FLASH_CONFIG_END__)), Linker Flash Config Support Enabled, but no .FlashConfig section provided within application)
 *(SORT_BY_ALIGNMENT(.text*))
 .text.__NVIC_EnableIRQ
                0x0000000000000410       0x3c ./source/MK64F12_Project.o
 .text.main     0x000000000000044c       0x58 ./source/MK64F12_Project.o
                0x000000000000044c                main
 .text.UART0_RX_TX_IRQHandler
                0x00000000000004a4       0x70 ./source/MK64F12_Project.o
                0x00000000000004a4                UART0_RX_TX_IRQHandler
 .text.CLOCK_SetEr32kClock
                0x0000000000000514       0x30 ./drivers/fsl_clock.o
 .text.CLOCK_SetPllFllSelClock
                0x0000000000000544       0x38 ./drivers/fsl_clock.o
 .text.CLOCK_GetMcgExtClkFreq
                0x000000000000057c       0x7c ./drivers/fsl_clock.o
 .text.CLOCK_GetFllExtRefClkFreq
                0x00000000000005f8       0xb0 ./drivers/fsl_clock.o
 .text.CLOCK_GetInternalRefClkSelectFreq
                0x00000000000006a8       0x4c ./drivers/fsl_clock.o
 .text.CLOCK_GetFllRefClkFreq
                0x00000000000006f4       0x34 ./drivers/fsl_clock.o
 .text.CLOCK_GetOscRangeFromFreq
                0x0000000000000728       0x3c ./drivers/fsl_clock.o
 .text.CLOCK_GetOsc0ErClkFreq
                0x0000000000000764       0x44 ./drivers/fsl_clock.o
                0x0000000000000764                CLOCK_GetOsc0ErClkFreq
 .text.CLOCK_GetEr32kClkFreq
                0x00000000000007a8       0x74 ./drivers/fsl_clock.o
                0x00000000000007a8                CLOCK_GetEr32kClkFreq
 .text.CLOCK_GetPllFllSelClkFreq
                0x000000000000081c       0x54 ./drivers/fsl_clock.o
                0x000000000000081c                CLOCK_GetPllFllSelClkFreq
 .text.CLOCK_GetFreq
                0x0000000000000870      0x140 ./drivers/fsl_clock.o
                0x0000000000000870                CLOCK_GetFreq
 .text.CLOCK_SetSimConfig
                0x00000000000009b0       0x34 ./drivers/fsl_clock.o
                0x00000000000009b0                CLOCK_SetSimConfig
 .text.CLOCK_EnableUsbfs0Clock
                0x00000000000009e4      0x108 ./drivers/fsl_clock.o
                0x00000000000009e4                CLOCK_EnableUsbfs0Clock
 .text.CLOCK_GetOutClkFreq
                0x0000000000000aec       0x64 ./drivers/fsl_clock.o
                0x0000000000000aec                CLOCK_GetOutClkFreq
 .text.CLOCK_GetFllFreq
                0x0000000000000b50       0x84 ./drivers/fsl_clock.o
                0x0000000000000b50                CLOCK_GetFllFreq
 .text.CLOCK_GetInternalRefClkFreq
                0x0000000000000bd4       0x30 ./drivers/fsl_clock.o
                0x0000000000000bd4                CLOCK_GetInternalRefClkFreq
 .text.CLOCK_GetPll0Freq
                0x0000000000000c04       0x78 ./drivers/fsl_clock.o
                0x0000000000000c04                CLOCK_GetPll0Freq
 .text.CLOCK_SetExternalRefClkConfig
                0x0000000000000c7c       0x6c ./drivers/fsl_clock.o
                0x0000000000000c7c                CLOCK_SetExternalRefClkConfig
 .text.CLOCK_SetInternalRefClkConfig
                0x0000000000000ce8      0x104 ./drivers/fsl_clock.o
                0x0000000000000ce8                CLOCK_SetInternalRefClkConfig
 .text.CLOCK_EnablePll0
                0x0000000000000dec       0x88 ./drivers/fsl_clock.o
                0x0000000000000dec                CLOCK_EnablePll0
 .text.CLOCK_InitOsc0
                0x0000000000000e74       0x8c ./drivers/fsl_clock.o
                0x0000000000000e74                CLOCK_InitOsc0
 .text.CLOCK_SetPbeMode
                0x0000000000000f00       0xa8 ./drivers/fsl_clock.o
                0x0000000000000f00                CLOCK_SetPbeMode
 .text.CLOCK_BootToPeeMode
                0x0000000000000fa8       0x64 ./drivers/fsl_clock.o
                0x0000000000000fa8                CLOCK_BootToPeeMode
 .text.I2C_TransferCommonIRQHandler
                0x000000000000100c       0x58 ./drivers/fsl_i2c.o
 .text.I2C0_DriverIRQHandler
                0x0000000000001064       0x1c ./drivers/fsl_i2c.o
                0x0000000000001064                I2C0_DriverIRQHandler
 .text.I2C1_DriverIRQHandler
                0x0000000000001080       0x1c ./drivers/fsl_i2c.o
                0x0000000000001080                I2C1_DriverIRQHandler
 .text.I2C2_DriverIRQHandler
                0x000000000000109c       0x1c ./drivers/fsl_i2c.o
                0x000000000000109c                I2C2_DriverIRQHandler
 .text.UART_GetInstance
                0x00000000000010b8       0x54 ./drivers/fsl_uart.o
                0x00000000000010b8                UART_GetInstance
 .text.UART_Init
                0x000000000000110c      0x2f4 ./drivers/fsl_uart.o
                0x000000000000110c                UART_Init
 .text.UART_GetDefaultConfig
                0x0000000000001400       0x68 ./drivers/fsl_uart.o
                0x0000000000001400                UART_GetDefaultConfig
 .text.UART_EnableInterrupts
                0x0000000000001468       0x70 ./drivers/fsl_uart.o
                0x0000000000001468                UART_EnableInterrupts
 .text.UART_ReadBlocking
                0x00000000000014d8       0xfc ./drivers/fsl_uart.o
                0x00000000000014d8                UART_ReadBlocking
 .text.UART1_DriverIRQHandler
                0x00000000000015d4       0x28 ./drivers/fsl_uart.o
                0x00000000000015d4                UART1_DriverIRQHandler
 .text.UART2_DriverIRQHandler
                0x00000000000015fc       0x28 ./drivers/fsl_uart.o
                0x00000000000015fc                UART2_DriverIRQHandler
 .text.UART3_DriverIRQHandler
                0x0000000000001624       0x28 ./drivers/fsl_uart.o
                0x0000000000001624                UART3_DriverIRQHandler
 .text.UART4_DriverIRQHandler
                0x000000000000164c       0x28 ./drivers/fsl_uart.o
                0x000000000000164c                UART4_DriverIRQHandler
 .text.UART5_DriverIRQHandler
                0x0000000000001674       0x28 ./drivers/fsl_uart.o
                0x0000000000001674                UART5_DriverIRQHandler
 .text.SystemInit
                0x000000000000169c       0x3c ./device/system_MK64F12.o
                0x000000000000169c                SystemInit
 .text.CLOCK_SetSdhc0Clock
                0x00000000000016d8       0x38 ./board/clock_config.o
 .text.CLOCK_SetEnetTime0Clock
                0x0000000000001710       0x38 ./board/clock_config.o
 .text.CLOCK_SetRmii0Clock
                0x0000000000001748       0x38 ./board/clock_config.o
 .text.CLOCK_SetTraceClock
                0x0000000000001780       0x38 ./board/clock_config.o
 .text.CLOCK_SetClkOutClock
                0x00000000000017b8       0x34 ./board/clock_config.o
 .text.CLOCK_SetSimSafeDivs
                0x00000000000017ec       0x20 ./board/clock_config.o
 .text.CLOCK_SetXtal0Freq
                0x000000000000180c       0x20 ./board/clock_config.o
 .text.CLOCK_CONFIG_SetFllExtRefDiv
                0x000000000000182c       0x3c ./board/clock_config.o
 .text.BOARD_BootClockRUN
                0x0000000000001868       0x88 ./board/clock_config.o
                0x0000000000001868                BOARD_BootClockRUN
 .text.PORT_SetPinConfig
                0x00000000000018f0       0x38 ./board/pin_mux.o
 .text.BOARD_InitPins
                0x0000000000001928       0x30 ./board/pin_mux.o
                0x0000000000001928                BOARD_InitPins
 .text.BOARD_InitDEBUG_UARTPins
                0x0000000000001958       0x68 ./board/pin_mux.o
                0x0000000000001958                BOARD_InitDEBUG_UARTPins
 .text.__assertion_failed
                0x00000000000019c0       0x4c /usr/local/mcuxpressoide-11.7.1_9221/ide/plugins/com.nxp.mcuxpresso.tools.linux_11.7.1.202301190959/tools/bin/../lib/gcc/arm-none-eabi/10.3.1/../../../../arm-none-eabi/lib/thumb/v7e-m+fp/hard/libcr_nohost_nf.a(_cr_assert.o)
                0x00000000000019c0                __assertion_failed
 .text._Cwritebuf
                0x0000000000001a0c       0x6c /usr/local/mcuxpressoide-11.7.1_9221/ide/plugins/com.nxp.mcuxpresso.tools.linux_11.7.1.202301190959/tools/bin/../lib/gcc/arm-none-eabi/10.3.1/../../../../arm-none-eabi/lib/thumb/v7e-m+fp/hard/libcr_c.a(_writebuf.o)
                0x0000000000001a0c                _Cwritebuf
 .text.malloc   0x0000000000001a78       0xc8 /usr/local/mcuxpressoide-11.7.1_9221/ide/plugins/com.nxp.mcuxpresso.tools.linux_11.7.1.202301190959/tools/bin/../lib/gcc/arm-none-eabi/10.3.1/../../../../arm-none-eabi/lib/thumb/v7e-m+fp/hard/libcr_c.a(alloc.o)
                0x0000000000001a78                malloc
 .text._Csys_alloc
                0x0000000000001b40       0x20 /usr/local/mcuxpressoide-11.7.1_9221/ide/plugins/com.nxp.mcuxpresso.tools.linux_11.7.1.202301190959/tools/bin/../lib/gcc/arm-none-eabi/10.3.1/../../../../arm-none-eabi/lib/thumb/v7e-m+fp/hard/libcr_c.a(alloc.o)
                0x0000000000001b40                _Csys_alloc
 .text.fseek    0x0000000000001b60       0xfc /usr/local/mcuxpressoide-11.7.1_9221/ide/plugins/com.nxp.mcuxpresso.tools.linux_11.7.1.202301190959/tools/bin/../lib/gcc/arm-none-eabi/10.3.1/../../../../arm-none-eabi/lib/thumb/v7e-m+fp/hard/libcr_c.a(fseek.o)
                0x0000000000001b60                fseek
 .text.ftell    0x0000000000001c5c       0x44 /usr/local/mcuxpressoide-11.7.1_9221/ide/plugins/com.nxp.mcuxpresso.tools.linux_11.7.1.202301190959/tools/bin/../lib/gcc/arm-none-eabi/10.3.1/../../../../arm-none-eabi/lib/thumb/v7e-m+fp/hard/libcr_c.a(ftell.o)
                0x0000000000001c5c                ftell
 .text._initio  0x0000000000001ca0       0x78 /usr/local/mcuxpressoide-11.7.1_9221/ide/plugins/com.nxp.mcuxpresso.tools.linux_11.7.1.202301190959/tools/bin/../lib/gcc/arm-none-eabi/10.3.1/../../../../arm-none-eabi/lib/thumb/v7e-m+fp/hard/libcr_c.a(initio.o)
                0x0000000000001ca0                _initio
 .text._sbrk    0x0000000000001d18       0x3c /usr/local/mcuxpressoide-11.7.1_9221/ide/plugins/com.nxp.mcuxpresso.tools.linux_11.7.1.202301190959/tools/bin/../lib/gcc/arm-none-eabi/10.3.1/../../../../arm-none-eabi/lib/thumb/v7e-m+fp/hard/libcr_c.a(_cr_sbrk.o)
                0x0000000000001d18                _sbrk
 .text.fflush   0x0000000000001d54       0x3c /usr/local/mcuxpressoide-11.7.1_9221/ide/plugins/com.nxp.mcuxpresso.tools.linux_11.7.1.202301190959/tools/bin/../lib/gcc/arm-none-eabi/10.3.1/../../../../arm-none-eabi/lib/thumb/v7e-m+fp/hard/libcr_c.a(fflush.o)
                0x0000000000001d54                fflush
 .text.__check_heap_overflow
                0x0000000000001d90       0x18 /usr/local/mcuxpressoide-11.7.1_9221/ide/plugins/com.nxp.mcuxpresso.tools.linux_11.7.1.202301190959/tools/bin/../lib/gcc/arm-none-eabi/10.3.1/../../../../arm-none-eabi/lib/thumb/v7e-m+fp/hard/libcr_c.a(_cr_check_heap.o)
                0x0000000000001d90                __check_heap_overflow
 .text.DMA0_IRQHandler
                0x0000000000001da8        0x8 ./startup/startup_mk64f12.o
                0x0000000000001da8                DMA0_IRQHandler
 .text.DMA1_IRQHandler
                0x0000000000001db0        0x8 ./startup/startup_mk64f12.o
                0x0000000000001db0                DMA1_IRQHandler
 .text.DMA2_IRQHandler
                0x0000000000001db8        0x8 ./startup/startup_mk64f12.o
                0x0000000000001db8                DMA2_IRQHandler
 .text.DMA3_IRQHandler
                0x0000000000001dc0        0x8 ./startup/startup_mk64f12.o
                0x0000000000001dc0                DMA3_IRQHandler
 .text.DMA4_IRQHandler
                0x0000000000001dc8        0x8 ./startup/startup_mk64f12.o
                0x0000000000001dc8                DMA4_IRQHandler
 .text.DMA5_IRQHandler
                0x0000000000001dd0        0x8 ./startup/startup_mk64f12.o
                0x0000000000001dd0                DMA5_IRQHandler
 .text.DMA6_IRQHandler
                0x0000000000001dd8        0x8 ./startup/startup_mk64f12.o
                0x0000000000001dd8                DMA6_IRQHandler
 .text.DMA7_IRQHandler
                0x0000000000001de0        0x8 ./startup/startup_mk64f12.o
                0x0000000000001de0                DMA7_IRQHandler
 .text.DMA8_IRQHandler
                0x0000000000001de8        0x8 ./startup/startup_mk64f12.o
                0x0000000000001de8                DMA8_IRQHandler
 .text.DMA9_IRQHandler
                0x0000000000001df0        0x8 ./startup/startup_mk64f12.o
                0x0000000000001df0                DMA9_IRQHandler
 .text.DMA10_IRQHandler
                0x0000000000001df8        0x8 ./startup/startup_mk64f12.o
                0x0000000000001df8                DMA10_IRQHandler
 .text.DMA11_IRQHandler
                0x0000000000001e00        0x8 ./startup/startup_mk64f12.o
                0x0000000000001e00                DMA11_IRQHandler
 .text.DMA12_IRQHandler
                0x0000000000001e08        0x8 ./startup/startup_mk64f12.o
                0x0000000000001e08                DMA12_IRQHandler
 .text.DMA13_IRQHandler
                0x0000000000001e10        0x8 ./startup/startup_mk64f12.o
                0x0000000000001e10                DMA13_IRQHandler
 .text.DMA14_IRQHandler
                0x0000000000001e18        0x8 ./startup/startup_mk64f12.o
                0x0000000000001e18                DMA14_IRQHandler
 .text.DMA15_IRQHandler
                0x0000000000001e20        0x8 ./startup/startup_mk64f12.o
                0x0000000000001e20                DMA15_IRQHandler
 .text.DMA_Error_IRQHandler
                0x0000000000001e28        0x8 ./startup/startup_mk64f12.o
                0x0000000000001e28                DMA_Error_IRQHandler
 .text.MCM_IRQHandler
                0x0000000000001e30        0x8 ./startup/startup_mk64f12.o
                0x0000000000001e30                MCM_IRQHandler
 .text.FTFE_IRQHandler
                0x0000000000001e38        0x8 ./startup/startup_mk64f12.o
                0x0000000000001e38                FTFE_IRQHandler
 .text.Read_Collision_IRQHandler
                0x0000000000001e40        0x8 ./startup/startup_mk64f12.o
                0x0000000000001e40                Read_Collision_IRQHandler
 .text.LVD_LVW_IRQHandler
                0x0000000000001e48        0x8 ./startup/startup_mk64f12.o
                0x0000000000001e48                LVD_LVW_IRQHandler
 .text.LLWU_IRQHandler
                0x0000000000001e50        0x8 ./startup/startup_mk64f12.o
                0x0000000000001e50                LLWU_IRQHandler
 .text.WDOG_EWM_IRQHandler
                0x0000000000001e58        0x8 ./startup/startup_mk64f12.o
                0x0000000000001e58                WDOG_EWM_IRQHandler
 .text.RNG_IRQHandler
                0x0000000000001e60        0x8 ./startup/startup_mk64f12.o
                0x0000000000001e60                RNG_IRQHandler
 .text.I2C0_IRQHandler
                0x0000000000001e68        0x8 ./startup/startup_mk64f12.o
                0x0000000000001e68                I2C0_IRQHandler
 .text.I2C1_IRQHandler
                0x0000000000001e70        0x8 ./startup/startup_mk64f12.o
                0x0000000000001e70                I2C1_IRQHandler
 .text.SPI0_IRQHandler
                0x0000000000001e78        0x8 ./startup/startup_mk64f12.o
                0x0000000000001e78                SPI0_IRQHandler
 .text.SPI1_IRQHandler
                0x0000000000001e80        0x8 ./startup/startup_mk64f12.o
                0x0000000000001e80                SPI1_IRQHandler
 .text.I2S0_Tx_IRQHandler
                0x0000000000001e88        0x8 ./startup/startup_mk64f12.o
                0x0000000000001e88                I2S0_Tx_IRQHandler
 .text.I2S0_Rx_IRQHandler
                0x0000000000001e90        0x8 ./startup/startup_mk64f12.o
                0x0000000000001e90                I2S0_Rx_IRQHandler
 .text.UART0_LON_IRQHandler
                0x0000000000001e98        0x8 ./startup/startup_mk64f12.o
                0x0000000000001e98                UART0_LON_IRQHandler
 .text.UART0_ERR_IRQHandler
                0x0000000000001ea0        0x8 ./startup/startup_mk64f12.o
                0x0000000000001ea0                UART0_ERR_IRQHandler
 .text.UART1_RX_TX_IRQHandler
                0x0000000000001ea8        0x8 ./startup/startup_mk64f12.o
                0x0000000000001ea8                UART1_RX_TX_IRQHandler
 .text.UART1_ERR_IRQHandler
                0x0000000000001eb0        0x8 ./startup/startup_mk64f12.o
                0x0000000000001eb0                UART1_ERR_IRQHandler
 .text.UART2_RX_TX_IRQHandler
                0x0000000000001eb8        0x8 ./startup/startup_mk64f12.o
                0x0000000000001eb8                UART2_RX_TX_IRQHandler
 .text.UART2_ERR_IRQHandler
                0x0000000000001ec0        0x8 ./startup/startup_mk64f12.o
                0x0000000000001ec0                UART2_ERR_IRQHandler
 .text.UART3_RX_TX_IRQHandler
                0x0000000000001ec8        0x8 ./startup/startup_mk64f12.o
                0x0000000000001ec8                UART3_RX_TX_IRQHandler
 .text.UART3_ERR_IRQHandler
                0x0000000000001ed0        0x8 ./startup/startup_mk64f12.o
                0x0000000000001ed0                UART3_ERR_IRQHandler
 .text.ADC0_IRQHandler
                0x0000000000001ed8        0x8 ./startup/startup_mk64f12.o
                0x0000000000001ed8                ADC0_IRQHandler
 .text.CMP0_IRQHandler
                0x0000000000001ee0        0x8 ./startup/startup_mk64f12.o
                0x0000000000001ee0                CMP0_IRQHandler
 .text.CMP1_IRQHandler
                0x0000000000001ee8        0x8 ./startup/startup_mk64f12.o
                0x0000000000001ee8                CMP1_IRQHandler
 .text.FTM0_IRQHandler
                0x0000000000001ef0        0x8 ./startup/startup_mk64f12.o
                0x0000000000001ef0                FTM0_IRQHandler
 .text.FTM1_IRQHandler
                0x0000000000001ef8        0x8 ./startup/startup_mk64f12.o
                0x0000000000001ef8                FTM1_IRQHandler
 .text.FTM2_IRQHandler
                0x0000000000001f00        0x8 ./startup/startup_mk64f12.o
                0x0000000000001f00                FTM2_IRQHandler
 .text.CMT_IRQHandler
                0x0000000000001f08        0x8 ./startup/startup_mk64f12.o
                0x0000000000001f08                CMT_IRQHandler
 .text.RTC_IRQHandler
                0x0000000000001f10        0x8 ./startup/startup_mk64f12.o
                0x0000000000001f10                RTC_IRQHandler
 .text.RTC_Seconds_IRQHandler
                0x0000000000001f18        0x8 ./startup/startup_mk64f12.o
                0x0000000000001f18                RTC_Seconds_IRQHandler
 .text.PIT0_IRQHandler
                0x0000000000001f20        0x8 ./startup/startup_mk64f12.o
                0x0000000000001f20                PIT0_IRQHandler
 .text.PIT1_IRQHandler
                0x0000000000001f28        0x8 ./startup/startup_mk64f12.o
                0x0000000000001f28                PIT1_IRQHandler
 .text.PIT2_IRQHandler
                0x0000000000001f30        0x8 ./startup/startup_mk64f12.o
                0x0000000000001f30                PIT2_IRQHandler
 .text.PIT3_IRQHandler
                0x0000000000001f38        0x8 ./startup/startup_mk64f12.o
                0x0000000000001f38                PIT3_IRQHandler
 .text.PDB0_IRQHandler
                0x0000000000001f40        0x8 ./startup/startup_mk64f12.o
                0x0000000000001f40                PDB0_IRQHandler
 .text.USB0_IRQHandler
                0x0000000000001f48        0x8 ./startup/startup_mk64f12.o
                0x0000000000001f48                USB0_IRQHandler
 .text.USBDCD_IRQHandler
                0x0000000000001f50        0x8 ./startup/startup_mk64f12.o
                0x0000000000001f50                USBDCD_IRQHandler
 .text.Reserved71_IRQHandler
                0x0000000000001f58        0x8 ./startup/startup_mk64f12.o
                0x0000000000001f58                Reserved71_IRQHandler
 .text.DAC0_IRQHandler
                0x0000000000001f60        0x8 ./startup/startup_mk64f12.o
                0x0000000000001f60                DAC0_IRQHandler
 .text.MCG_IRQHandler
                0x0000000000001f68        0x8 ./startup/startup_mk64f12.o
                0x0000000000001f68                MCG_IRQHandler
 .text.LPTMR0_IRQHandler
                0x0000000000001f70        0x8 ./startup/startup_mk64f12.o
                0x0000000000001f70                LPTMR0_IRQHandler
 .text.PORTA_IRQHandler
                0x0000000000001f78        0x8 ./startup/startup_mk64f12.o
                0x0000000000001f78                PORTA_IRQHandler
 .text.PORTB_IRQHandler
                0x0000000000001f80        0x8 ./startup/startup_mk64f12.o
                0x0000000000001f80                PORTB_IRQHandler
 .text.PORTC_IRQHandler
                0x0000000000001f88        0x8 ./startup/startup_mk64f12.o
                0x0000000000001f88                PORTC_IRQHandler
 .text.PORTD_IRQHandler
                0x0000000000001f90        0x8 ./startup/startup_mk64f12.o
                0x0000000000001f90                PORTD_IRQHandler
 .text.PORTE_IRQHandler
                0x0000000000001f98        0x8 ./startup/startup_mk64f12.o
                0x0000000000001f98                PORTE_IRQHandler
 .text.SWI_IRQHandler
                0x0000000000001fa0        0x8 ./startup/startup_mk64f12.o
                0x0000000000001fa0                SWI_IRQHandler
 .text.SPI2_IRQHandler
                0x0000000000001fa8        0x8 ./startup/startup_mk64f12.o
                0x0000000000001fa8                SPI2_IRQHandler
 .text.UART4_RX_TX_IRQHandler
                0x0000000000001fb0        0x8 ./startup/startup_mk64f12.o
                0x0000000000001fb0                UART4_RX_TX_IRQHandler
 .text.UART4_ERR_IRQHandler
                0x0000000000001fb8        0x8 ./startup/startup_mk64f12.o
                0x0000000000001fb8                UART4_ERR_IRQHandler
 .text.UART5_RX_TX_IRQHandler
                0x0000000000001fc0        0x8 ./startup/startup_mk64f12.o
                0x0000000000001fc0                UART5_RX_TX_IRQHandler
 .text.UART5_ERR_IRQHandler
                0x0000000000001fc8        0x8 ./startup/startup_mk64f12.o
                0x0000000000001fc8                UART5_ERR_IRQHandler
 .text.CMP2_IRQHandler
                0x0000000000001fd0        0x8 ./startup/startup_mk64f12.o
                0x0000000000001fd0                CMP2_IRQHandler
 .text.FTM3_IRQHandler
                0x0000000000001fd8        0x8 ./startup/startup_mk64f12.o
                0x0000000000001fd8                FTM3_IRQHandler
 .text.DAC1_IRQHandler
                0x0000000000001fe0        0x8 ./startup/startup_mk64f12.o
                0x0000000000001fe0                DAC1_IRQHandler
 .text.ADC1_IRQHandler
                0x0000000000001fe8        0x8 ./startup/startup_mk64f12.o
                0x0000000000001fe8                ADC1_IRQHandler
 .text.I2C2_IRQHandler
                0x0000000000001ff0        0x8 ./startup/startup_mk64f12.o
                0x0000000000001ff0                I2C2_IRQHandler
 .text.CAN0_ORed_Message_buffer_IRQHandler
                0x0000000000001ff8        0x8 ./startup/startup_mk64f12.o
                0x0000000000001ff8                CAN0_ORed_Message_buffer_IRQHandler
 .text.CAN0_Bus_Off_IRQHandler
                0x0000000000002000        0x8 ./startup/startup_mk64f12.o
                0x0000000000002000                CAN0_Bus_Off_IRQHandler
 .text.CAN0_Error_IRQHandler
                0x0000000000002008        0x8 ./startup/startup_mk64f12.o
                0x0000000000002008                CAN0_Error_IRQHandler
 .text.CAN0_Tx_Warning_IRQHandler
                0x0000000000002010        0x8 ./startup/startup_mk64f12.o
                0x0000000000002010                CAN0_Tx_Warning_IRQHandler
 .text.CAN0_Rx_Warning_IRQHandler
                0x0000000000002018        0x8 ./startup/startup_mk64f12.o
                0x0000000000002018                CAN0_Rx_Warning_IRQHandler
 .text.CAN0_Wake_Up_IRQHandler
                0x0000000000002020        0x8 ./startup/startup_mk64f12.o
                0x0000000000002020                CAN0_Wake_Up_IRQHandler
 .text.SDHC_IRQHandler
                0x0000000000002028        0x8 ./startup/startup_mk64f12.o
                0x0000000000002028                SDHC_IRQHandler
 .text.ENET_1588_Timer_IRQHandler
                0x0000000000002030        0x8 ./startup/startup_mk64f12.o
                0x0000000000002030                ENET_1588_Timer_IRQHandler
 .text.ENET_Transmit_IRQHandler
                0x0000000000002038        0x8 ./startup/startup_mk64f12.o
                0x0000000000002038                ENET_Transmit_IRQHandler
 .text.ENET_Receive_IRQHandler
                0x0000000000002040        0x8 ./startup/startup_mk64f12.o
                0x0000000000002040                ENET_Receive_IRQHandler
 .text.ENET_Error_IRQHandler
                0x0000000000002048        0x8 ./startup/startup_mk64f12.o
                0x0000000000002048                ENET_Error_IRQHandler
 .text.EnableIRQ
                0x0000000000002050       0x32 ./source/MK64F12_Project.o
 .text.UART_EnableTx
                0x0000000000002082       0x40 ./source/MK64F12_Project.o
 .text.UART_EnableRx
                0x00000000000020c2       0x40 ./source/MK64F12_Project.o
 .text.HardFault_Handler
                0x0000000000002102       0x2c ./source/semihost_hardfault.o
                0x0000000000002102                HardFault_Handler
 .text.CLOCK_EnableClock
                0x000000000000212e       0x34 ./drivers/fsl_clock.o
 .text.CLOCK_DisableClock
                0x0000000000002162       0x38 ./drivers/fsl_clock.o
 .text.OSC_SetExtRefClkConfig
                0x000000000000219a       0x34 ./drivers/fsl_clock.o
 .text.OSC_SetCapLoad
                0x00000000000021ce       0x34 ./drivers/fsl_clock.o
 .text.CLOCK_GetPll0RefFreq
                0x0000000000002202        0xe ./drivers/fsl_clock.o
 .text.CLOCK_GetFixedFreqClkFreq
                0x0000000000002210       0x34 ./drivers/fsl_clock.o
                0x0000000000002210                CLOCK_GetFixedFreqClkFreq
 .text.CLOCK_EnableClock
                0x0000000000002244       0x34 ./drivers/fsl_uart.o
 .text.UART_GetStatusFlags
                0x0000000000002278       0x48 ./drivers/fsl_uart.o
                0x0000000000002278                UART_GetStatusFlags
 .text.UART_ClearStatusFlags
                0x00000000000022c0       0x80 ./drivers/fsl_uart.o
                0x00000000000022c0                UART_ClearStatusFlags
 .text.UART_WriteBlocking
                0x0000000000002340       0x50 ./drivers/fsl_uart.o
                0x0000000000002340                UART_WriteBlocking
 .text.UART1_RX_TX_DriverIRQHandler
                0x0000000000002390       0x12 ./drivers/fsl_uart.o
                0x0000000000002390                UART1_RX_TX_DriverIRQHandler
 .text.UART2_RX_TX_DriverIRQHandler
                0x00000000000023a2       0x12 ./drivers/fsl_uart.o
                0x00000000000023a2                UART2_RX_TX_DriverIRQHandler
 .text.UART3_RX_TX_DriverIRQHandler
                0x00000000000023b4       0x12 ./drivers/fsl_uart.o
                0x00000000000023b4                UART3_RX_TX_DriverIRQHandler
 .text.UART4_RX_TX_DriverIRQHandler
                0x00000000000023c6       0x12 ./drivers/fsl_uart.o
                0x00000000000023c6                UART4_RX_TX_DriverIRQHandler
 .text.UART5_RX_TX_DriverIRQHandler
                0x00000000000023d8       0x12 ./drivers/fsl_uart.o
                0x00000000000023d8                UART5_RX_TX_DriverIRQHandler
 .text.SystemInitHook
                0x00000000000023ea        0xe ./device/system_MK64F12.o
                0x00000000000023ea                SystemInitHook
 .text.BOARD_InitBootClocks
                0x00000000000023f8        0xc ./board/clock_config.o
                0x00000000000023f8                BOARD_InitBootClocks
 .text.BOARD_InitPeripherals
                0x0000000000002404        0xe ./board/peripherals.o
                0x0000000000002404                BOARD_InitPeripherals
 .text.BOARD_InitBootPeripherals
                0x0000000000002412        0xc ./board/peripherals.o
                0x0000000000002412                BOARD_InitBootPeripherals
 .text.CLOCK_EnableClock
                0x000000000000241e       0x34 ./board/pin_mux.o
 .text.PORT_SetPinMux
                0x0000000000002452       0x3a ./board/pin_mux.o
 .text.BOARD_InitBootPins
                0x000000000000248c       0x10 ./board/pin_mux.o
                0x000000000000248c                BOARD_InitBootPins
 .text.__main   0x000000000000249c        0xe /usr/local/mcuxpressoide-11.7.1_9221/ide/plugins/com.nxp.mcuxpresso.tools.linux_11.7.1.202301190959/tools/bin/../lib/gcc/arm-none-eabi/10.3.1/../../../../arm-none-eabi/lib/thumb/v7e-m+fp/hard/libcr_nohost_nf.a(_cr__main.o)
                0x000000000000249c                __main
 .text.__sys_appexit
                0x00000000000024aa        0x2 /usr/local/mcuxpressoide-11.7.1_9221/ide/plugins/com.nxp.mcuxpresso.tools.linux_11.7.1.202301190959/tools/bin/../lib/gcc/arm-none-eabi/10.3.1/../../../../arm-none-eabi/lib/thumb/v7e-m+fp/hard/libcr_nohost_nf.a(__sys_appexit.o)
                0x00000000000024aa                __exit
                0x00000000000024aa                __sys_appexit
 .text.memset   0x00000000000024ac        0x4 /usr/local/mcuxpressoide-11.7.1_9221/ide/plugins/com.nxp.mcuxpresso.tools.linux_11.7.1.202301190959/tools/bin/../lib/gcc/arm-none-eabi/10.3.1/../../../../arm-none-eabi/lib/thumb/v7e-m+fp/hard/libcr_c.a(memset.o)
                0x00000000000024ac                memset
 .text._deferredlazyseek
                0x00000000000024b0       0x40 /usr/local/mcuxpressoide-11.7.1_9221/ide/plugins/com.nxp.mcuxpresso.tools.linux_11.7.1.202301190959/tools/bin/../lib/gcc/arm-none-eabi/10.3.1/../../../../arm-none-eabi/lib/thumb/v7e-m+fp/hard/libcr_c.a(_deferredlazyseek.o)
                0x00000000000024b0                _deferredlazyseek
 .text.__flsbuf
                0x00000000000024f0      0x140 /usr/local/mcuxpressoide-11.7.1_9221/ide/plugins/com.nxp.mcuxpresso.tools.linux_11.7.1.202301190959/tools/bin/../lib/gcc/arm-none-eabi/10.3.1/../../../../arm-none-eabi/lib/thumb/v7e-m+fp/hard/libcr_c.a(_deferredlazyseek.o)
                0x00000000000024f0                __flsbuf
 .text._fflush  0x0000000000002630       0x52 /usr/local/mcuxpressoide-11.7.1_9221/ide/plugins/com.nxp.mcuxpresso.tools.linux_11.7.1.202301190959/tools/bin/../lib/gcc/arm-none-eabi/10.3.1/../../../../arm-none-eabi/lib/thumb/v7e-m+fp/hard/libcr_c.a(_fflush.o)
                0x0000000000002630                _fflush
 .text.free     0x0000000000002682       0x30 /usr/local/mcuxpressoide-11.7.1_9221/ide/plugins/com.nxp.mcuxpresso.tools.linux_11.7.1.202301190959/tools/bin/../lib/gcc/arm-none-eabi/10.3.1/../../../../arm-none-eabi/lib/thumb/v7e-m+fp/hard/libcr_c.a(alloc.o)
                0x0000000000002682                free
 .text.fputs    0x00000000000026b2       0x2c /usr/local/mcuxpressoide-11.7.1_9221/ide/plugins/com.nxp.mcuxpresso.tools.linux_11.7.1.202301190959/tools/bin/../lib/gcc/arm-none-eabi/10.3.1/../../../../arm-none-eabi/lib/thumb/v7e-m+fp/hard/libcr_c.a(fputs.o)
                0x00000000000026b2                fputs
 .text.setvbuf  0x00000000000026de       0x3e /usr/local/mcuxpressoide-11.7.1_9221/ide/plugins/com.nxp.mcuxpresso.tools.linux_11.7.1.202301190959/tools/bin/../lib/gcc/arm-none-eabi/10.3.1/../../../../arm-none-eabi/lib/thumb/v7e-m+fp/hard/libcr_c.a(setvbuf.o)
                0x00000000000026de                setvbuf
 .text.strlen   0x000000000000271c       0x48 /usr/local/mcuxpressoide-11.7.1_9221/ide/plugins/com.nxp.mcuxpresso.tools.linux_11.7.1.202301190959/tools/bin/../lib/gcc/arm-none-eabi/10.3.1/../../../../arm-none-eabi/lib/thumb/v7e-m+fp/hard/libcr_c.a(strlen.o)
                0x000000000000271c                strlen
 .text._fdopen  0x0000000000002764       0x68 /usr/local/mcuxpressoide-11.7.1_9221/ide/plugins/com.nxp.mcuxpresso.tools.linux_11.7.1.202301190959/tools/bin/../lib/gcc/arm-none-eabi/10.3.1/../../../../arm-none-eabi/lib/thumb/v7e-m+fp/hard/libcr_c.a(_fdopen.o)
                0x0000000000002764                _fdopen
 .text.fclose   0x00000000000027cc       0x58 /usr/local/mcuxpressoide-11.7.1_9221/ide/plugins/com.nxp.mcuxpresso.tools.linux_11.7.1.202301190959/tools/bin/../lib/gcc/arm-none-eabi/10.3.1/../../../../arm-none-eabi/lib/thumb/v7e-m+fp/hard/libcr_c.a(fclose.o)
                0x00000000000027cc                fclose
 .text.remove   0x0000000000002824       0x14 /usr/local/mcuxpressoide-11.7.1_9221/ide/plugins/com.nxp.mcuxpresso.tools.linux_11.7.1.202301190959/tools/bin/../lib/gcc/arm-none-eabi/10.3.1/../../../../arm-none-eabi/lib/thumb/v7e-m+fp/hard/libcr_c.a(remove.o)
                0x0000000000002824                remove
 .text._do_fflush
                0x0000000000002838       0x40 /usr/local/mcuxpressoide-11.7.1_9221/ide/plugins/com.nxp.mcuxpresso.tools.linux_11.7.1.202301190959/tools/bin/../lib/gcc/arm-none-eabi/10.3.1/../../../../arm-none-eabi/lib/thumb/v7e-m+fp/hard/libcr_c.a(_do_fflush.o)
                0x0000000000002838                _do_fflush
 .text.__aeabi_memset_lowlevel
                0x0000000000002878       0x32 /usr/local/mcuxpressoide-11.7.1_9221/ide/plugins/com.nxp.mcuxpresso.tools.linux_11.7.1.202301190959/tools/bin/../lib/gcc/arm-none-eabi/10.3.1/thumb/v7e-m+fp/hard/libcr_eabihelpers.a(memcpy.o)
                0x0000000000002878                __aeabi_lowlevel_memset
 .text.__sys_close
                0x00000000000028aa        0x6 /usr/local/mcuxpressoide-11.7.1_9221/ide/plugins/com.nxp.mcuxpresso.tools.linux_11.7.1.202301190959/tools/bin/../lib/gcc/arm-none-eabi/10.3.1/../../../../arm-none-eabi/lib/thumb/v7e-m+fp/hard/libcr_nohost_nf.a(__sys_close.o)
                0x00000000000028aa                __sys_close
 .text.__sys_flen
                0x00000000000028b0        0x6 /usr/local/mcuxpressoide-11.7.1_9221/ide/plugins/com.nxp.mcuxpresso.tools.linux_11.7.1.202301190959/tools/bin/../lib/gcc/arm-none-eabi/10.3.1/../../../../arm-none-eabi/lib/thumb/v7e-m+fp/hard/libcr_nohost_nf.a(__sys_flen.o)
                0x00000000000028b0                __sys_flen
 .text.__sys_istty
                0x00000000000028b6        0x6 /usr/local/mcuxpressoide-11.7.1_9221/ide/plugins/com.nxp.mcuxpresso.tools.linux_11.7.1.202301190959/tools/bin/../lib/gcc/arm-none-eabi/10.3.1/../../../../arm-none-eabi/lib/thumb/v7e-m+fp/hard/libcr_nohost_nf.a(__sys_istty.o)
                0x00000000000028b6                __sys_istty
 .text.__sys_remove
                0x00000000000028bc        0x6 /usr/local/mcuxpressoide-11.7.1_9221/ide/plugins/com.nxp.mcuxpresso.tools.linux_11.7.1.202301190959/tools/bin/../lib/gcc/arm-none-eabi/10.3.1/../../../../arm-none-eabi/lib/thumb/v7e-m+fp/hard/libcr_nohost_nf.a(__sys_remove.o)
                0x00000000000028bc                __sys_remove
 .text.__sys_seek
                0x00000000000028c2        0x6 /usr/local/mcuxpressoide-11.7.1_9221/ide/plugins/com.nxp.mcuxpresso.tools.linux_11.7.1.202301190959/tools/bin/../lib/gcc/arm-none-eabi/10.3.1/../../../../arm-none-eabi/lib/thumb/v7e-m+fp/hard/libcr_nohost_nf.a(__sys_seek.o)
                0x00000000000028c2                __sys_seek
 .text.__sys_tmpnam
                0x00000000000028c8        0x6 /usr/local/mcuxpressoide-11.7.1_9221/ide/plugins/com.nxp.mcuxpresso.tools.linux_11.7.1.202301190959/tools/bin/../lib/gcc/arm-none-eabi/10.3.1/../../../../arm-none-eabi/lib/thumb/v7e-m+fp/hard/libcr_nohost_nf.a(__sys_tmpnam.o)
                0x00000000000028c8                __sys_tmpnam
 .text.__sys_write
                0x00000000000028ce        0x4 /usr/local/mcuxpressoide-11.7.1_9221/ide/plugins/com.nxp.mcuxpresso.tools.linux_11.7.1.202301190959/tools/bin/../lib/gcc/arm-none-eabi/10.3.1/../../../../arm-none-eabi/lib/thumb/v7e-m+fp/hard/libcr_nohost_nf.a(__sys_write.o)
                0x00000000000028ce                __sys_write
 *(SORT_BY_ALIGNMENT(.rodata) SORT_BY_ALIGNMENT(.rodata.*) SORT_BY_ALIGNMENT(.constdata) SORT_BY_ALIGNMENT(.constdata.*))
 *fill*         0x00000000000028d2        0x2 ff
 .rodata.UART0_RX_TX_IRQHandler.str1.4
                0x00000000000028d4       0x1f ./source/MK64F12_Project.o
 *fill*         0x00000000000028f3        0x1 ff
 .rodata.CLOCK_GetMcgExtClkFreq.str1.4
                0x00000000000028f4       0x49 ./drivers/fsl_clock.o
 *fill*         0x000000000000293d        0x3 ff
 .rodata.CLOCK_GetOsc0ErClkFreq.str1.4
                0x0000000000002940       0x1e ./drivers/fsl_clock.o
 *fill*         0x000000000000295e        0x2 ff
 .rodata.CLOCK_GetEr32kClkFreq.str1.4
                0x0000000000002960       0x1f ./drivers/fsl_clock.o
 *fill*         0x000000000000297f        0x1 ff
 .rodata.CLOCK_GetPll0Freq.str1.4
                0x0000000000002980       0x1d ./drivers/fsl_clock.o
 *fill*         0x000000000000299d        0x3 ff
 .rodata.CLOCK_EnablePll0.str1.4
                0x00000000000029a0       0x1a ./drivers/fsl_clock.o
 *fill*         0x00000000000029ba        0x2 ff
 .rodata.CLOCK_SetPbeMode.str1.4
                0x00000000000029bc       0x1a ./drivers/fsl_clock.o
 *fill*         0x00000000000029d6        0x2 ff
 .rodata.CLOCK_BootToPeeMode.str1.4
                0x00000000000029d8       0x1a ./drivers/fsl_clock.o
 *fill*         0x00000000000029f2        0x2 ff
 .rodata.fllFactorTable.1
                0x00000000000029f4       0x10 ./drivers/fsl_clock.o
 .rodata.s_uartBases
                0x0000000000002a04       0x18 ./drivers/fsl_uart.o
 .rodata.s_uartClock
                0x0000000000002a1c       0x18 ./drivers/fsl_uart.o
 .rodata.UART_GetInstance.str1.4
                0x0000000000002a34       0x2b ./drivers/fsl_uart.o
 *fill*         0x0000000000002a5f        0x1 ff
 .rodata.UART_Init.str1.4
                0x0000000000002a60       0xfb ./drivers/fsl_uart.o
 *fill*         0x0000000000002b5b        0x1 ff
 .rodata.UART_GetDefaultConfig.str1.4
                0x0000000000002b5c       0x20 ./drivers/fsl_uart.o
 .rodata.UART_ReadBlocking.str1.4
                0x0000000000002b7c       0x1e ./drivers/fsl_uart.o
 *fill*         0x0000000000002b9a        0x2 ff
 .rodata.mcgConfig_BOARD_BootClockRUN
                0x0000000000002b9c        0xb ./board/clock_config.o
                0x0000000000002b9c                mcgConfig_BOARD_BootClockRUN
 *fill*         0x0000000000002ba7        0x1 ff
 .rodata.simConfig_BOARD_BootClockRUN
                0x0000000000002ba8        0x8 ./board/clock_config.o
                0x0000000000002ba8                simConfig_BOARD_BootClockRUN
 .rodata.oscConfig_BOARD_BootClockRUN
                0x0000000000002bb0        0x8 ./board/clock_config.o
                0x0000000000002bb0                oscConfig_BOARD_BootClockRUN
 .rodata.PORT_SetPinConfig.str1.4
                0x0000000000002bb8       0x63 ./board/pin_mux.o
 *fill*         0x0000000000002c1b        0x1 ff
 .rodata.__num_Ciob_streams
                0x0000000000002c1c        0x4 /usr/local/mcuxpressoide-11.7.1_9221/ide/plugins/com.nxp.mcuxpresso.tools.linux_11.7.1.202301190959/tools/bin/../lib/gcc/arm-none-eabi/10.3.1/../../../../arm-none-eabi/lib/thumb/v7e-m+fp/hard/libcr_nohost_nf.a(__ciob.o)
                0x0000000000002c1c                __num_Ciob_streams
 .rodata.__assertion_failed.str1.1
                0x0000000000002c20       0x15 /usr/local/mcuxpressoide-11.7.1_9221/ide/plugins/com.nxp.mcuxpresso.tools.linux_11.7.1.202301190959/tools/bin/../lib/gcc/arm-none-eabi/10.3.1/../../../../arm-none-eabi/lib/thumb/v7e-m+fp/hard/libcr_nohost_nf.a(_cr_assert.o)
 .rodata._Csys_alloc.str1.1
                0x0000000000002c35       0x18 /usr/local/mcuxpressoide-11.7.1_9221/ide/plugins/com.nxp.mcuxpresso.tools.linux_11.7.1.202301190959/tools/bin/../lib/gcc/arm-none-eabi/10.3.1/../../../../arm-none-eabi/lib/thumb/v7e-m+fp/hard/libcr_c.a(alloc.o)
 .rodata._initio.str1.1
                0x0000000000002c4d        0x4 /usr/local/mcuxpressoide-11.7.1_9221/ide/plugins/com.nxp.mcuxpresso.tools.linux_11.7.1.202301190959/tools/bin/../lib/gcc/arm-none-eabi/10.3.1/../../../../arm-none-eabi/lib/thumb/v7e-m+fp/hard/libcr_c.a(initio.o)
                0x0000000000002c58                . = ALIGN (0x8)
 *fill*         0x0000000000002c51        0x7 ff

.glue_7         0x0000000000002c58        0x0
 .glue_7        0x0000000000002c58        0x0 linker stubs

.glue_7t        0x0000000000002c58        0x0
 .glue_7t       0x0000000000002c58        0x0 linker stubs

.vfp11_veneer   0x0000000000002c58        0x0
 .vfp11_veneer  0x0000000000002c58        0x0 linker stubs

.v4_bx          0x0000000000002c58        0x0
 .v4_bx         0x0000000000002c58        0x0 linker stubs

.iplt           0x0000000000002c58        0x0
 .iplt          0x0000000000002c58        0x0 ./startup/startup_mk64f12.o

.rel.dyn        0x0000000000002c58        0x0
 .rel.iplt      0x0000000000002c58        0x0 ./startup/startup_mk64f12.o

.ARM.extab
 *(SORT_BY_ALIGNMENT(.ARM.extab*) SORT_BY_ALIGNMENT(.gnu.linkonce.armextab.*))

.ARM.exidx      0x0000000000002c58        0x0
                0x0000000000002c58                __exidx_start = .
 *(SORT_BY_ALIGNMENT(.ARM.exidx*) SORT_BY_ALIGNMENT(.gnu.linkonce.armexidx.*))
                0x0000000000002c58                __exidx_end = .
                0x0000000000002c58                _etext = .

.m_usb_data
 *(SORT_BY_ALIGNMENT(m_usb_bdt))

.data_RAM2      0x000000001fff0000        0x0 load address 0x0000000000002c58
 FILL mask 0xff
                [!provide]                        PROVIDE (__start_data_RAM2 = .)
                [!provide]                        PROVIDE (__start_data_SRAM_LOWER = .)
 *(SORT_BY_ALIGNMENT(.ramfunc.$RAM2))
 *(SORT_BY_ALIGNMENT(.ramfunc.$SRAM_LOWER))
 *(SORT_BY_ALIGNMENT(.data.$RAM2))
 *(SORT_BY_ALIGNMENT(.data.$SRAM_LOWER))
 *(SORT_BY_ALIGNMENT(.data.$RAM2.*))
 *(SORT_BY_ALIGNMENT(.data.$SRAM_LOWER.*))
                0x000000001fff0000                . = ALIGN (0x8)
                [!provide]                        PROVIDE (__end_data_RAM2 = .)
                [!provide]                        PROVIDE (__end_data_SRAM_LOWER = .)

.data_RAM3      0x0000000014000000        0x0 load address 0x0000000000002c58
 FILL mask 0xff
                [!provide]                        PROVIDE (__start_data_RAM3 = .)
                [!provide]                        PROVIDE (__start_data_FLEX_RAM = .)
 *(SORT_BY_ALIGNMENT(.ramfunc.$RAM3))
 *(SORT_BY_ALIGNMENT(.ramfunc.$FLEX_RAM))
 *(SORT_BY_ALIGNMENT(.data.$RAM3))
 *(SORT_BY_ALIGNMENT(.data.$FLEX_RAM))
 *(SORT_BY_ALIGNMENT(.data.$RAM3.*))
 *(SORT_BY_ALIGNMENT(.data.$FLEX_RAM.*))
                0x0000000014000000                . = ALIGN (0x8)
                [!provide]                        PROVIDE (__end_data_RAM3 = .)
                [!provide]                        PROVIDE (__end_data_FLEX_RAM = .)

.uninit_RESERVED
                0x0000000020000000        0x0
                0x0000000020000000                _start_uninit_RESERVED = .
 *(SORT_BY_ALIGNMENT(.bss.$RESERVED*))
                0x0000000020000000                . = ALIGN (0x8)
                0x0000000020000000                _end_uninit_RESERVED = .

.data           0x0000000020000000       0x10 load address 0x0000000000002c58
 FILL mask 0xff
                0x0000000020000000                _data = .
                [!provide]                        PROVIDE (__start_data_RAM = .)
                [!provide]                        PROVIDE (__start_data_SRAM_UPPER = .)
 *(SORT_BY_ALIGNMENT(vtable))
 *(SORT_BY_ALIGNMENT(.ramfunc*))
 *(SORT_BY_ALIGNMENT(CodeQuickAccess))
 *(SORT_BY_ALIGNMENT(DataQuickAccess))
 *(SORT_BY_ALIGNMENT(RamFunction))
 *(SORT_BY_ALIGNMENT(.data*))
 .data.s_slowIrcFreq
                0x0000000020000000        0x4 ./drivers/fsl_clock.o
 .data.s_fastIrcFreq
                0x0000000020000004        0x4 ./drivers/fsl_clock.o
 .data.SystemCoreClock
                0x0000000020000008        0x4 ./device/system_MK64F12.o
                0x0000000020000008                SystemCoreClock
                0x0000000020000010                . = ALIGN (0x8)
 *fill*         0x000000002000000c        0x4 ff
                0x0000000020000010                _edata = .
                [!provide]                        PROVIDE (__end_data_RAM = .)
                [!provide]                        PROVIDE (__end_data_SRAM_UPPER = .)

.igot.plt       0x0000000020000010        0x0 load address 0x0000000000002c68
 .igot.plt      0x0000000020000010        0x0 ./startup/startup_mk64f12.o

.bss_RAM2       0x000000001fff0000        0x0
                [!provide]                        PROVIDE (__start_bss_RAM2 = .)
                [!provide]                        PROVIDE (__start_bss_SRAM_LOWER = .)
 *(SORT_BY_ALIGNMENT(.bss.$RAM2))
 *(SORT_BY_ALIGNMENT(.bss.$SRAM_LOWER))
 *(SORT_BY_ALIGNMENT(.bss.$RAM2.*))
 *(SORT_BY_ALIGNMENT(.bss.$SRAM_LOWER.*))
                0x000000001fff0000                . = ALIGN ((. != 0x0)?0x8:0x1)
                [!provide]                        PROVIDE (__end_bss_RAM2 = .)
                [!provide]                        PROVIDE (__end_bss_SRAM_LOWER = .)

.bss_RAM3       0x0000000014000000        0x0
                [!provide]                        PROVIDE (__start_bss_RAM3 = .)
                [!provide]                        PROVIDE (__start_bss_FLEX_RAM = .)
 *(SORT_BY_ALIGNMENT(.bss.$RAM3))
 *(SORT_BY_ALIGNMENT(.bss.$FLEX_RAM))
 *(SORT_BY_ALIGNMENT(.bss.$RAM3.*))
 *(SORT_BY_ALIGNMENT(.bss.$FLEX_RAM.*))
                0x0000000014000000                . = ALIGN ((. != 0x0)?0x8:0x1)
                [!provide]                        PROVIDE (__end_bss_RAM3 = .)
                [!provide]                        PROVIDE (__end_bss_FLEX_RAM = .)

.bss            0x0000000020000010       0xf8
                0x0000000020000010                _bss = .
                [!provide]                        PROVIDE (__start_bss_RAM = .)
                [!provide]                        PROVIDE (__start_bss_SRAM_UPPER = .)
 *(SORT_BY_ALIGNMENT(.bss*))
 .bss.g_xtal0Freq
                0x0000000020000010        0x4 ./drivers/fsl_clock.o
                0x0000000020000010                g_xtal0Freq
 .bss.g_xtal32Freq
                0x0000000020000014        0x4 ./drivers/fsl_clock.o
                0x0000000020000014                g_xtal32Freq
 .bss.s_i2cHandle
                0x0000000020000018        0xc ./drivers/fsl_i2c.o
 .bss.s_i2cMasterIsr
                0x0000000020000024        0x4 ./drivers/fsl_i2c.o
 .bss.s_i2cSlaveIsr
                0x0000000020000028        0x4 ./drivers/fsl_i2c.o
 .bss.s_uartHandle
                0x000000002000002c       0x18 ./drivers/fsl_uart.o
                0x000000002000002c                s_uartHandle
 .bss.s_uartIsr
                0x0000000020000044        0x4 ./drivers/fsl_uart.o
                0x0000000020000044                s_uartIsr
 .bss.__Ciob    0x0000000020000048       0xb4 /usr/local/mcuxpressoide-11.7.1_9221/ide/plugins/com.nxp.mcuxpresso.tools.linux_11.7.1.202301190959/tools/bin/../lib/gcc/arm-none-eabi/10.3.1/../../../../arm-none-eabi/lib/thumb/v7e-m+fp/hard/libcr_nohost_nf.a(__ciob.o)
                0x0000000020000048                __Ciob
 .bss.errno     0x00000000200000fc        0x4 /usr/local/mcuxpressoide-11.7.1_9221/ide/plugins/com.nxp.mcuxpresso.tools.linux_11.7.1.202301190959/tools/bin/../lib/gcc/arm-none-eabi/10.3.1/../../../../arm-none-eabi/lib/thumb/v7e-m+fp/hard/libcr_c.a(errno.o)
                0x00000000200000fc                errno
 .bss.__end_of_heap
                0x0000000020000100        0x4 /usr/local/mcuxpressoide-11.7.1_9221/ide/plugins/com.nxp.mcuxpresso.tools.linux_11.7.1.202301190959/tools/bin/../lib/gcc/arm-none-eabi/10.3.1/../../../../arm-none-eabi/lib/thumb/v7e-m+fp/hard/libcr_c.a(__init_alloc.o)
                0x0000000020000100                __end_of_heap
 .bss.__heaps   0x0000000020000104        0x4 /usr/local/mcuxpressoide-11.7.1_9221/ide/plugins/com.nxp.mcuxpresso.tools.linux_11.7.1.202301190959/tools/bin/../lib/gcc/arm-none-eabi/10.3.1/../../../../arm-none-eabi/lib/thumb/v7e-m+fp/hard/libcr_c.a(__init_alloc.o)
                0x0000000020000104                __heaps
 *(SORT_BY_ALIGNMENT(COMMON))
                0x0000000020000108                . = ALIGN (0x8)
                0x0000000020000108                _ebss = .
                [!provide]                        PROVIDE (__end_bss_RAM = .)
                [!provide]                        PROVIDE (__end_bss_SRAM_UPPER = .)
                [!provide]                        PROVIDE (end = .)

.noinit_RAM2    0x000000001fff0000        0x0
                [!provide]                        PROVIDE (__start_noinit_RAM2 = .)
                [!provide]                        PROVIDE (__start_noinit_SRAM_LOWER = .)
 *(SORT_BY_ALIGNMENT(.noinit.$RAM2))
 *(SORT_BY_ALIGNMENT(.noinit.$SRAM_LOWER))
 *(SORT_BY_ALIGNMENT(.noinit.$RAM2.*))
 *(SORT_BY_ALIGNMENT(.noinit.$SRAM_LOWER.*))
                0x000000001fff0000                . = ALIGN (0x8)
                [!provide]                        PROVIDE (__end_noinit_RAM2 = .)
                [!provide]                        PROVIDE (__end_noinit_SRAM_LOWER = .)

.noinit_RAM3    0x0000000014000000        0x0
                [!provide]                        PROVIDE (__start_noinit_RAM3 = .)
                [!provide]                        PROVIDE (__start_noinit_FLEX_RAM = .)
 *(SORT_BY_ALIGNMENT(.noinit.$RAM3))
 *(SORT_BY_ALIGNMENT(.noinit.$FLEX_RAM))
 *(SORT_BY_ALIGNMENT(.noinit.$RAM3.*))
 *(SORT_BY_ALIGNMENT(.noinit.$FLEX_RAM.*))
                0x0000000014000000                . = ALIGN (0x8)
                [!provide]                        PROVIDE (__end_noinit_RAM3 = .)
                [!provide]                        PROVIDE (__end_noinit_FLEX_RAM = .)

.noinit         0x0000000020000108        0x0
                0x0000000020000108                _noinit = .
                [!provide]                        PROVIDE (__start_noinit_RAM = .)
                [!provide]                        PROVIDE (__start_noinit_SRAM_UPPER = .)
 *(SORT_BY_ALIGNMENT(.noinit*))
                0x0000000020000108                . = ALIGN (0x8)
                0x0000000020000108                _end_noinit = .
                [!provide]                        PROVIDE (__end_noinit_RAM = .)
                [!provide]                        PROVIDE (__end_noinit_SRAM_UPPER = .)
                0x0000000000001000                _HeapSize = 0x1000

.heap           0x0000000020000108     0x1000
                0x0000000020000108                _pvHeapStart = .
                0x0000000020001108                . = (. + _HeapSize)
 *fill*         0x0000000020000108     0x1000 
                0x0000000020001108                . = ALIGN (0x8)
                0x0000000020001108                _pvHeapLimit = .
                0x0000000000001000                _StackSize = 0x1000

.heap2stackfill
                0x0000000020001108     0x1000
                0x0000000020002108                . = (. + _StackSize)
 *fill*         0x0000000020001108     0x1000 

.stack          0x000000002002f000        0x0
                0x000000002002f000                _vStackBase = .
                0x000000002002f000                . = ALIGN (0x8)
                0x0000000020030000                _vStackTop = (. + _StackSize)
                0x0000000000000000                _image_start = LOADADDR (.text)
                0x0000000000002c68                _image_end = (LOADADDR (.data) + SIZEOF (.data))
                0x0000000000002c68                _image_size = (_image_end - _image_start)
OUTPUT(UART_Interrupt_k64.axf elf32-littlearm)
LOAD linker stubs

.debug_info     0x0000000000000000     0x93dd
 .debug_info    0x0000000000000000      0x93a ./startup/startup_mk64f12.o
 .debug_info    0x000000000000093a      0xae9 ./source/MK64F12_Project.o
 .debug_info    0x0000000000001423       0x3c ./source/semihost_hardfault.o
 .debug_info    0x000000000000145f     0x21c3 ./drivers/fsl_clock.o
 .debug_info    0x0000000000003622     0x1e92 ./drivers/fsl_i2c.o
 .debug_info    0x00000000000054b4     0x1f90 ./drivers/fsl_uart.o
 .debug_info    0x0000000000007444      0x649 ./device/system_MK64F12.o
 .debug_info    0x0000000000007a8d      0xcca ./board/clock_config.o
 .debug_info    0x0000000000008757       0x4e ./board/peripherals.o
 .debug_info    0x00000000000087a5      0xc38 ./board/pin_mux.o

.debug_abbrev   0x0000000000000000     0x153c
 .debug_abbrev  0x0000000000000000      0x185 ./startup/startup_mk64f12.o
 .debug_abbrev  0x0000000000000185      0x242 ./source/MK64F12_Project.o
 .debug_abbrev  0x00000000000003c7       0x31 ./source/semihost_hardfault.o
 .debug_abbrev  0x00000000000003f8      0x359 ./drivers/fsl_clock.o
 .debug_abbrev  0x0000000000000751      0x363 ./drivers/fsl_i2c.o
 .debug_abbrev  0x0000000000000ab4      0x42e ./drivers/fsl_uart.o
 .debug_abbrev  0x0000000000000ee2      0x148 ./device/system_MK64F12.o
 .debug_abbrev  0x000000000000102a      0x246 ./board/clock_config.o
 .debug_abbrev  0x0000000000001270       0x4b ./board/peripherals.o
 .debug_abbrev  0x00000000000012bb      0x281 ./board/pin_mux.o

.debug_aranges  0x0000000000000000      0xa28
 .debug_aranges
                0x0000000000000000      0x330 ./startup/startup_mk64f12.o
 .debug_aranges
                0x0000000000000330       0x48 ./source/MK64F12_Project.o
 .debug_aranges
                0x0000000000000378       0x20 ./source/semihost_hardfault.o
 .debug_aranges
                0x0000000000000398      0x1f8 ./drivers/fsl_clock.o
 .debug_aranges
                0x0000000000000590      0x180 ./drivers/fsl_i2c.o
 .debug_aranges
                0x0000000000000710      0x1b8 ./drivers/fsl_uart.o
 .debug_aranges
                0x00000000000008c8       0x30 ./device/system_MK64F12.o
 .debug_aranges
                0x00000000000008f8       0x80 ./board/clock_config.o
 .debug_aranges
                0x0000000000000978       0x28 ./board/peripherals.o
 .debug_aranges
                0x00000000000009a0       0x88 ./board/pin_mux.o

.debug_ranges   0x0000000000000000      0x988
 .debug_ranges  0x0000000000000000      0x320 ./startup/startup_mk64f12.o
 .debug_ranges  0x0000000000000320       0x38 ./source/MK64F12_Project.o
 .debug_ranges  0x0000000000000358       0x10 ./source/semihost_hardfault.o
 .debug_ranges  0x0000000000000368      0x1e8 ./drivers/fsl_clock.o
 .debug_ranges  0x0000000000000550      0x170 ./drivers/fsl_i2c.o
 .debug_ranges  0x00000000000006c0      0x1a8 ./drivers/fsl_uart.o
 .debug_ranges  0x0000000000000868       0x20 ./device/system_MK64F12.o
 .debug_ranges  0x0000000000000888       0x70 ./board/clock_config.o
 .debug_ranges  0x00000000000008f8       0x18 ./board/peripherals.o
 .debug_ranges  0x0000000000000910       0x78 ./board/pin_mux.o

.debug_macro    0x0000000000000000      0xe75
 .debug_macro   0x0000000000000000       0x29 ./startup/startup_mk64f12.o
 .debug_macro   0x0000000000000029      0x1b7 ./source/MK64F12_Project.o
 .debug_macro   0x00000000000001e0       0xd8 ./source/MK64F12_Project.o
 .debug_macro   0x00000000000002b8       0x22 ./source/MK64F12_Project.o
 .debug_macro   0x00000000000002da       0x16 ./source/MK64F12_Project.o
 .debug_macro   0x00000000000002f0       0x16 ./source/MK64F12_Project.o
 .debug_macro   0x0000000000000306       0x16 ./source/MK64F12_Project.o
 .debug_macro   0x000000000000031c      0x1ab ./source/MK64F12_Project.o
 .debug_macro   0x00000000000004c7      0x1ce ./source/MK64F12_Project.o
 .debug_macro   0x0000000000000695       0x16 ./source/MK64F12_Project.o
 .debug_macro   0x00000000000006ab       0x16 ./source/MK64F12_Project.o
 .debug_macro   0x00000000000006c1       0x11 ./source/semihost_hardfault.o
 .debug_macro   0x00000000000006d2      0x1d8 ./drivers/fsl_clock.o
 .debug_macro   0x00000000000008aa      0x121 ./drivers/fsl_i2c.o
 .debug_macro   0x00000000000009cb       0x1c ./drivers/fsl_i2c.o
 .debug_macro   0x00000000000009e7      0x127 ./drivers/fsl_uart.o
 .debug_macro   0x0000000000000b0e       0x10 ./drivers/fsl_uart.o
 .debug_macro   0x0000000000000b1e       0x98 ./device/system_MK64F12.o
 .debug_macro   0x0000000000000bb6      0x17d ./board/clock_config.o
 .debug_macro   0x0000000000000d33       0x1b ./board/peripherals.o
 .debug_macro   0x0000000000000d4e      0x127 ./board/pin_mux.o

.debug_line     0x0000000000000000     0x5d43
 .debug_line    0x0000000000000000      0x911 ./startup/startup_mk64f12.o
 .debug_line    0x0000000000000911      0x678 ./source/MK64F12_Project.o
 .debug_line    0x0000000000000f89       0x59 ./source/semihost_hardfault.o
 .debug_line    0x0000000000000fe2     0x14e0 ./drivers/fsl_clock.o
 .debug_line    0x00000000000024c2     0x13cd ./drivers/fsl_i2c.o
 .debug_line    0x000000000000388f     0x14ba ./drivers/fsl_uart.o
 .debug_line    0x0000000000004d49      0x3ef ./device/system_MK64F12.o
 .debug_line    0x0000000000005138      0x53c ./board/clock_config.o
 .debug_line    0x0000000000005674       0x71 ./board/peripherals.o
 .debug_line    0x00000000000056e5      0x65e ./board/pin_mux.o

.debug_str      0x0000000000000000    0x81bfe
 .debug_str     0x0000000000000000     0x3581 ./startup/startup_mk64f12.o
                                       0x362d (size before relaxing)
 .debug_str     0x0000000000003581    0x79cee ./source/MK64F12_Project.o
                                      0x7cc09 (size before relaxing)
 .debug_str     0x000000000007d26f       0x1f ./source/semihost_hardfault.o
                                       0x2dd2 (size before relaxing)
 .debug_str     0x000000000007d28e     0x25a6 ./drivers/fsl_clock.o
                                      0x7c529 (size before relaxing)
 .debug_str     0x000000000007f834      0xcea ./drivers/fsl_i2c.o
                                      0x7bc18 (size before relaxing)
 .debug_str     0x000000000008051e      0x8fc ./drivers/fsl_uart.o
                                      0x7be63 (size before relaxing)
 .debug_str     0x0000000000080e1a      0x127 ./device/system_MK64F12.o
                                      0x78412 (size before relaxing)
 .debug_str     0x0000000000080f41      0x506 ./board/clock_config.o
                                      0x7b016 (size before relaxing)
 .debug_str     0x0000000000081447       0x47 ./board/peripherals.o
                                       0x2df9 (size before relaxing)
 .debug_str     0x000000000008148e      0x770 ./board/pin_mux.o
                                      0x7af6f (size before relaxing)

.comment        0x0000000000000000       0x49
 .comment       0x0000000000000000       0x49 ./startup/startup_mk64f12.o
                                         0x4a (size before relaxing)
 .comment       0x0000000000000049       0x4a ./source/MK64F12_Project.o
 .comment       0x0000000000000049       0x4a ./source/semihost_hardfault.o
 .comment       0x0000000000000049       0x4a ./drivers/fsl_clock.o
 .comment       0x0000000000000049       0x4a ./drivers/fsl_i2c.o
 .comment       0x0000000000000049       0x4a ./drivers/fsl_uart.o
 .comment       0x0000000000000049       0x4a ./device/system_MK64F12.o
 .comment       0x0000000000000049       0x4a ./board/clock_config.o
 .comment       0x0000000000000049       0x4a ./board/peripherals.o
 .comment       0x0000000000000049       0x4a ./board/pin_mux.o
 .comment       0x0000000000000049       0x4a /usr/local/mcuxpressoide-11.7.1_9221/ide/plugins/com.nxp.mcuxpresso.tools.linux_11.7.1.202301190959/tools/bin/../lib/gcc/arm-none-eabi/10.3.1/../../../../arm-none-eabi/lib/thumb/v7e-m+fp/hard/libcr_nohost_nf.a(_cr__main.o)
 .comment       0x0000000000000049       0x4a /usr/local/mcuxpressoide-11.7.1_9221/ide/plugins/com.nxp.mcuxpresso.tools.linux_11.7.1.202301190959/tools/bin/../lib/gcc/arm-none-eabi/10.3.1/../../../../arm-none-eabi/lib/thumb/v7e-m+fp/hard/libcr_nohost_nf.a(_cr_assert.o)
 .comment       0x0000000000000049       0x4a /usr/local/mcuxpressoide-11.7.1_9221/ide/plugins/com.nxp.mcuxpresso.tools.linux_11.7.1.202301190959/tools/bin/../lib/gcc/arm-none-eabi/10.3.1/../../../../arm-none-eabi/lib/thumb/v7e-m+fp/hard/libcr_nohost_nf.a(__ciob.o)
 .comment       0x0000000000000049       0x4a /usr/local/mcuxpressoide-11.7.1_9221/ide/plugins/com.nxp.mcuxpresso.tools.linux_11.7.1.202301190959/tools/bin/../lib/gcc/arm-none-eabi/10.3.1/../../../../arm-none-eabi/lib/thumb/v7e-m+fp/hard/libcr_nohost_nf.a(__sys_appexit.o)
 .comment       0x0000000000000049       0x4a /usr/local/mcuxpressoide-11.7.1_9221/ide/plugins/com.nxp.mcuxpresso.tools.linux_11.7.1.202301190959/tools/bin/../lib/gcc/arm-none-eabi/10.3.1/../../../../arm-none-eabi/lib/thumb/v7e-m+fp/hard/libcr_c.a(memset.o)
 .comment       0x0000000000000049       0x4a /usr/local/mcuxpressoide-11.7.1_9221/ide/plugins/com.nxp.mcuxpresso.tools.linux_11.7.1.202301190959/tools/bin/../lib/gcc/arm-none-eabi/10.3.1/../../../../arm-none-eabi/lib/thumb/v7e-m+fp/hard/libcr_c.a(_deferredlazyseek.o)
 .comment       0x0000000000000049       0x4a /usr/local/mcuxpressoide-11.7.1_9221/ide/plugins/com.nxp.mcuxpresso.tools.linux_11.7.1.202301190959/tools/bin/../lib/gcc/arm-none-eabi/10.3.1/../../../../arm-none-eabi/lib/thumb/v7e-m+fp/hard/libcr_c.a(_fflush.o)
 .comment       0x0000000000000049       0x4a /usr/local/mcuxpressoide-11.7.1_9221/ide/plugins/com.nxp.mcuxpresso.tools.linux_11.7.1.202301190959/tools/bin/../lib/gcc/arm-none-eabi/10.3.1/../../../../arm-none-eabi/lib/thumb/v7e-m+fp/hard/libcr_c.a(_writebuf.o)
 .comment       0x0000000000000049       0x4a /usr/local/mcuxpressoide-11.7.1_9221/ide/plugins/com.nxp.mcuxpresso.tools.linux_11.7.1.202301190959/tools/bin/../lib/gcc/arm-none-eabi/10.3.1/../../../../arm-none-eabi/lib/thumb/v7e-m+fp/hard/libcr_c.a(alloc.o)
 .comment       0x0000000000000049       0x4a /usr/local/mcuxpressoide-11.7.1_9221/ide/plugins/com.nxp.mcuxpresso.tools.linux_11.7.1.202301190959/tools/bin/../lib/gcc/arm-none-eabi/10.3.1/../../../../arm-none-eabi/lib/thumb/v7e-m+fp/hard/libcr_c.a(errno.o)
 .comment       0x0000000000000049       0x4a /usr/local/mcuxpressoide-11.7.1_9221/ide/plugins/com.nxp.mcuxpresso.tools.linux_11.7.1.202301190959/tools/bin/../lib/gcc/arm-none-eabi/10.3.1/../../../../arm-none-eabi/lib/thumb/v7e-m+fp/hard/libcr_c.a(fputs.o)
 .comment       0x0000000000000049       0x4a /usr/local/mcuxpressoide-11.7.1_9221/ide/plugins/com.nxp.mcuxpresso.tools.linux_11.7.1.202301190959/tools/bin/../lib/gcc/arm-none-eabi/10.3.1/../../../../arm-none-eabi/lib/thumb/v7e-m+fp/hard/libcr_c.a(fseek.o)
 .comment       0x0000000000000049       0x4a /usr/local/mcuxpressoide-11.7.1_9221/ide/plugins/com.nxp.mcuxpresso.tools.linux_11.7.1.202301190959/tools/bin/../lib/gcc/arm-none-eabi/10.3.1/../../../../arm-none-eabi/lib/thumb/v7e-m+fp/hard/libcr_c.a(ftell.o)
 .comment       0x0000000000000049       0x4a /usr/local/mcuxpressoide-11.7.1_9221/ide/plugins/com.nxp.mcuxpresso.tools.linux_11.7.1.202301190959/tools/bin/../lib/gcc/arm-none-eabi/10.3.1/../../../../arm-none-eabi/lib/thumb/v7e-m+fp/hard/libcr_c.a(initio.o)
 .comment       0x0000000000000049       0x4a /usr/local/mcuxpressoide-11.7.1_9221/ide/plugins/com.nxp.mcuxpresso.tools.linux_11.7.1.202301190959/tools/bin/../lib/gcc/arm-none-eabi/10.3.1/../../../../arm-none-eabi/lib/thumb/v7e-m+fp/hard/libcr_c.a(setvbuf.o)
 .comment       0x0000000000000049       0x4a /usr/local/mcuxpressoide-11.7.1_9221/ide/plugins/com.nxp.mcuxpresso.tools.linux_11.7.1.202301190959/tools/bin/../lib/gcc/arm-none-eabi/10.3.1/../../../../arm-none-eabi/lib/thumb/v7e-m+fp/hard/libcr_c.a(strlen.o)
 .comment       0x0000000000000049       0x4a /usr/local/mcuxpressoide-11.7.1_9221/ide/plugins/com.nxp.mcuxpresso.tools.linux_11.7.1.202301190959/tools/bin/../lib/gcc/arm-none-eabi/10.3.1/../../../../arm-none-eabi/lib/thumb/v7e-m+fp/hard/libcr_c.a(__init_alloc.o)
 .comment       0x0000000000000049       0x4a /usr/local/mcuxpressoide-11.7.1_9221/ide/plugins/com.nxp.mcuxpresso.tools.linux_11.7.1.202301190959/tools/bin/../lib/gcc/arm-none-eabi/10.3.1/../../../../arm-none-eabi/lib/thumb/v7e-m+fp/hard/libcr_c.a(_cr_sbrk.o)
 .comment       0x0000000000000049       0x4a /usr/local/mcuxpressoide-11.7.1_9221/ide/plugins/com.nxp.mcuxpresso.tools.linux_11.7.1.202301190959/tools/bin/../lib/gcc/arm-none-eabi/10.3.1/../../../../arm-none-eabi/lib/thumb/v7e-m+fp/hard/libcr_c.a(_fdopen.o)
 .comment       0x0000000000000049       0x4a /usr/local/mcuxpressoide-11.7.1_9221/ide/plugins/com.nxp.mcuxpresso.tools.linux_11.7.1.202301190959/tools/bin/../lib/gcc/arm-none-eabi/10.3.1/../../../../arm-none-eabi/lib/thumb/v7e-m+fp/hard/libcr_c.a(fclose.o)
 .comment       0x0000000000000049       0x4a /usr/local/mcuxpressoide-11.7.1_9221/ide/plugins/com.nxp.mcuxpresso.tools.linux_11.7.1.202301190959/tools/bin/../lib/gcc/arm-none-eabi/10.3.1/../../../../arm-none-eabi/lib/thumb/v7e-m+fp/hard/libcr_c.a(fflush.o)
 .comment       0x0000000000000049       0x4a /usr/local/mcuxpressoide-11.7.1_9221/ide/plugins/com.nxp.mcuxpresso.tools.linux_11.7.1.202301190959/tools/bin/../lib/gcc/arm-none-eabi/10.3.1/../../../../arm-none-eabi/lib/thumb/v7e-m+fp/hard/libcr_c.a(remove.o)
 .comment       0x0000000000000049       0x4a /usr/local/mcuxpressoide-11.7.1_9221/ide/plugins/com.nxp.mcuxpresso.tools.linux_11.7.1.202301190959/tools/bin/../lib/gcc/arm-none-eabi/10.3.1/../../../../arm-none-eabi/lib/thumb/v7e-m+fp/hard/libcr_c.a(_cr_check_heap.o)
 .comment       0x0000000000000049       0x4a /usr/local/mcuxpressoide-11.7.1_9221/ide/plugins/com.nxp.mcuxpresso.tools.linux_11.7.1.202301190959/tools/bin/../lib/gcc/arm-none-eabi/10.3.1/../../../../arm-none-eabi/lib/thumb/v7e-m+fp/hard/libcr_c.a(_do_fflush.o)
 .comment       0x0000000000000049       0x4a /usr/local/mcuxpressoide-11.7.1_9221/ide/plugins/com.nxp.mcuxpresso.tools.linux_11.7.1.202301190959/tools/bin/../lib/gcc/arm-none-eabi/10.3.1/../../../../arm-none-eabi/lib/thumb/v7e-m+fp/hard/libcr_nohost_nf.a(__sys_close.o)
 .comment       0x0000000000000049       0x4a /usr/local/mcuxpressoide-11.7.1_9221/ide/plugins/com.nxp.mcuxpresso.tools.linux_11.7.1.202301190959/tools/bin/../lib/gcc/arm-none-eabi/10.3.1/../../../../arm-none-eabi/lib/thumb/v7e-m+fp/hard/libcr_nohost_nf.a(__sys_flen.o)
 .comment       0x0000000000000049       0x4a /usr/local/mcuxpressoide-11.7.1_9221/ide/plugins/com.nxp.mcuxpresso.tools.linux_11.7.1.202301190959/tools/bin/../lib/gcc/arm-none-eabi/10.3.1/../../../../arm-none-eabi/lib/thumb/v7e-m+fp/hard/libcr_nohost_nf.a(__sys_istty.o)
 .comment       0x0000000000000049       0x4a /usr/local/mcuxpressoide-11.7.1_9221/ide/plugins/com.nxp.mcuxpresso.tools.linux_11.7.1.202301190959/tools/bin/../lib/gcc/arm-none-eabi/10.3.1/../../../../arm-none-eabi/lib/thumb/v7e-m+fp/hard/libcr_nohost_nf.a(__sys_remove.o)
 .comment       0x0000000000000049       0x4a /usr/local/mcuxpressoide-11.7.1_9221/ide/plugins/com.nxp.mcuxpresso.tools.linux_11.7.1.202301190959/tools/bin/../lib/gcc/arm-none-eabi/10.3.1/../../../../arm-none-eabi/lib/thumb/v7e-m+fp/hard/libcr_nohost_nf.a(__sys_seek.o)
 .comment       0x0000000000000049       0x4a /usr/local/mcuxpressoide-11.7.1_9221/ide/plugins/com.nxp.mcuxpresso.tools.linux_11.7.1.202301190959/tools/bin/../lib/gcc/arm-none-eabi/10.3.1/../../../../arm-none-eabi/lib/thumb/v7e-m+fp/hard/libcr_nohost_nf.a(__sys_tmpnam.o)
 .comment       0x0000000000000049       0x4a /usr/local/mcuxpressoide-11.7.1_9221/ide/plugins/com.nxp.mcuxpresso.tools.linux_11.7.1.202301190959/tools/bin/../lib/gcc/arm-none-eabi/10.3.1/../../../../arm-none-eabi/lib/thumb/v7e-m+fp/hard/libcr_nohost_nf.a(__sys_write.o)

.ARM.attributes
                0x0000000000000000       0x32
 .ARM.attributes
                0x0000000000000000       0x34 ./startup/startup_mk64f12.o
 .ARM.attributes
                0x0000000000000034       0x34 ./source/MK64F12_Project.o
 .ARM.attributes
                0x0000000000000068       0x34 ./source/semihost_hardfault.o
 .ARM.attributes
                0x000000000000009c       0x34 ./drivers/fsl_clock.o
 .ARM.attributes
                0x00000000000000d0       0x34 ./drivers/fsl_i2c.o
 .ARM.attributes
                0x0000000000000104       0x34 ./drivers/fsl_uart.o
 .ARM.attributes
                0x0000000000000138       0x34 ./device/system_MK64F12.o
 .ARM.attributes
                0x000000000000016c       0x34 ./board/clock_config.o
 .ARM.attributes
                0x00000000000001a0       0x34 ./board/peripherals.o
 .ARM.attributes
                0x00000000000001d4       0x34 ./board/pin_mux.o
 .ARM.attributes
                0x0000000000000208       0x34 /usr/local/mcuxpressoide-11.7.1_9221/ide/plugins/com.nxp.mcuxpresso.tools.linux_11.7.1.202301190959/tools/bin/../lib/gcc/arm-none-eabi/10.3.1/../../../../arm-none-eabi/lib/thumb/v7e-m+fp/hard/libcr_nohost_nf.a(_cr__main.o)
 .ARM.attributes
                0x000000000000023c       0x34 /usr/local/mcuxpressoide-11.7.1_9221/ide/plugins/com.nxp.mcuxpresso.tools.linux_11.7.1.202301190959/tools/bin/../lib/gcc/arm-none-eabi/10.3.1/../../../../arm-none-eabi/lib/thumb/v7e-m+fp/hard/libcr_nohost_nf.a(_cr_assert.o)
 .ARM.attributes
                0x0000000000000270       0x34 /usr/local/mcuxpressoide-11.7.1_9221/ide/plugins/com.nxp.mcuxpresso.tools.linux_11.7.1.202301190959/tools/bin/../lib/gcc/arm-none-eabi/10.3.1/../../../../arm-none-eabi/lib/thumb/v7e-m+fp/hard/libcr_nohost_nf.a(__ciob.o)
 .ARM.attributes
                0x00000000000002a4       0x34 /usr/local/mcuxpressoide-11.7.1_9221/ide/plugins/com.nxp.mcuxpresso.tools.linux_11.7.1.202301190959/tools/bin/../lib/gcc/arm-none-eabi/10.3.1/../../../../arm-none-eabi/lib/thumb/v7e-m+fp/hard/libcr_nohost_nf.a(__sys_appexit.o)
 .ARM.attributes
                0x00000000000002d8       0x34 /usr/local/mcuxpressoide-11.7.1_9221/ide/plugins/com.nxp.mcuxpresso.tools.linux_11.7.1.202301190959/tools/bin/../lib/gcc/arm-none-eabi/10.3.1/../../../../arm-none-eabi/lib/thumb/v7e-m+fp/hard/libcr_c.a(memset.o)
 .ARM.attributes
                0x000000000000030c       0x34 /usr/local/mcuxpressoide-11.7.1_9221/ide/plugins/com.nxp.mcuxpresso.tools.linux_11.7.1.202301190959/tools/bin/../lib/gcc/arm-none-eabi/10.3.1/../../../../arm-none-eabi/lib/thumb/v7e-m+fp/hard/libcr_c.a(_deferredlazyseek.o)
 .ARM.attributes
                0x0000000000000340       0x34 /usr/local/mcuxpressoide-11.7.1_9221/ide/plugins/com.nxp.mcuxpresso.tools.linux_11.7.1.202301190959/tools/bin/../lib/gcc/arm-none-eabi/10.3.1/../../../../arm-none-eabi/lib/thumb/v7e-m+fp/hard/libcr_c.a(_fflush.o)
 .ARM.attributes
                0x0000000000000374       0x34 /usr/local/mcuxpressoide-11.7.1_9221/ide/plugins/com.nxp.mcuxpresso.tools.linux_11.7.1.202301190959/tools/bin/../lib/gcc/arm-none-eabi/10.3.1/../../../../arm-none-eabi/lib/thumb/v7e-m+fp/hard/libcr_c.a(_writebuf.o)
 .ARM.attributes
                0x00000000000003a8       0x34 /usr/local/mcuxpressoide-11.7.1_9221/ide/plugins/com.nxp.mcuxpresso.tools.linux_11.7.1.202301190959/tools/bin/../lib/gcc/arm-none-eabi/10.3.1/../../../../arm-none-eabi/lib/thumb/v7e-m+fp/hard/libcr_c.a(alloc.o)
 .ARM.attributes
                0x00000000000003dc       0x34 /usr/local/mcuxpressoide-11.7.1_9221/ide/plugins/com.nxp.mcuxpresso.tools.linux_11.7.1.202301190959/tools/bin/../lib/gcc/arm-none-eabi/10.3.1/../../../../arm-none-eabi/lib/thumb/v7e-m+fp/hard/libcr_c.a(errno.o)
 .ARM.attributes
                0x0000000000000410       0x34 /usr/local/mcuxpressoide-11.7.1_9221/ide/plugins/com.nxp.mcuxpresso.tools.linux_11.7.1.202301190959/tools/bin/../lib/gcc/arm-none-eabi/10.3.1/../../../../arm-none-eabi/lib/thumb/v7e-m+fp/hard/libcr_c.a(fputs.o)
 .ARM.attributes
                0x0000000000000444       0x34 /usr/local/mcuxpressoide-11.7.1_9221/ide/plugins/com.nxp.mcuxpresso.tools.linux_11.7.1.202301190959/tools/bin/../lib/gcc/arm-none-eabi/10.3.1/../../../../arm-none-eabi/lib/thumb/v7e-m+fp/hard/libcr_c.a(fseek.o)
 .ARM.attributes
                0x0000000000000478       0x34 /usr/local/mcuxpressoide-11.7.1_9221/ide/plugins/com.nxp.mcuxpresso.tools.linux_11.7.1.202301190959/tools/bin/../lib/gcc/arm-none-eabi/10.3.1/../../../../arm-none-eabi/lib/thumb/v7e-m+fp/hard/libcr_c.a(ftell.o)
 .ARM.attributes
                0x00000000000004ac       0x34 /usr/local/mcuxpressoide-11.7.1_9221/ide/plugins/com.nxp.mcuxpresso.tools.linux_11.7.1.202301190959/tools/bin/../lib/gcc/arm-none-eabi/10.3.1/../../../../arm-none-eabi/lib/thumb/v7e-m+fp/hard/libcr_c.a(initio.o)
 .ARM.attributes
                0x00000000000004e0       0x34 /usr/local/mcuxpressoide-11.7.1_9221/ide/plugins/com.nxp.mcuxpresso.tools.linux_11.7.1.202301190959/tools/bin/../lib/gcc/arm-none-eabi/10.3.1/../../../../arm-none-eabi/lib/thumb/v7e-m+fp/hard/libcr_c.a(setvbuf.o)
 .ARM.attributes
                0x0000000000000514       0x34 /usr/local/mcuxpressoide-11.7.1_9221/ide/plugins/com.nxp.mcuxpresso.tools.linux_11.7.1.202301190959/tools/bin/../lib/gcc/arm-none-eabi/10.3.1/../../../../arm-none-eabi/lib/thumb/v7e-m+fp/hard/libcr_c.a(strlen.o)
 .ARM.attributes
                0x0000000000000548       0x34 /usr/local/mcuxpressoide-11.7.1_9221/ide/plugins/com.nxp.mcuxpresso.tools.linux_11.7.1.202301190959/tools/bin/../lib/gcc/arm-none-eabi/10.3.1/../../../../arm-none-eabi/lib/thumb/v7e-m+fp/hard/libcr_c.a(__init_alloc.o)
 .ARM.attributes
                0x000000000000057c       0x34 /usr/local/mcuxpressoide-11.7.1_9221/ide/plugins/com.nxp.mcuxpresso.tools.linux_11.7.1.202301190959/tools/bin/../lib/gcc/arm-none-eabi/10.3.1/../../../../arm-none-eabi/lib/thumb/v7e-m+fp/hard/libcr_c.a(_cr_sbrk.o)
 .ARM.attributes
                0x00000000000005b0       0x34 /usr/local/mcuxpressoide-11.7.1_9221/ide/plugins/com.nxp.mcuxpresso.tools.linux_11.7.1.202301190959/tools/bin/../lib/gcc/arm-none-eabi/10.3.1/../../../../arm-none-eabi/lib/thumb/v7e-m+fp/hard/libcr_c.a(_fdopen.o)
 .ARM.attributes
                0x00000000000005e4       0x34 /usr/local/mcuxpressoide-11.7.1_9221/ide/plugins/com.nxp.mcuxpresso.tools.linux_11.7.1.202301190959/tools/bin/../lib/gcc/arm-none-eabi/10.3.1/../../../../arm-none-eabi/lib/thumb/v7e-m+fp/hard/libcr_c.a(fclose.o)
 .ARM.attributes
                0x0000000000000618       0x34 /usr/local/mcuxpressoide-11.7.1_9221/ide/plugins/com.nxp.mcuxpresso.tools.linux_11.7.1.202301190959/tools/bin/../lib/gcc/arm-none-eabi/10.3.1/../../../../arm-none-eabi/lib/thumb/v7e-m+fp/hard/libcr_c.a(fflush.o)
 .ARM.attributes
                0x000000000000064c       0x34 /usr/local/mcuxpressoide-11.7.1_9221/ide/plugins/com.nxp.mcuxpresso.tools.linux_11.7.1.202301190959/tools/bin/../lib/gcc/arm-none-eabi/10.3.1/../../../../arm-none-eabi/lib/thumb/v7e-m+fp/hard/libcr_c.a(remove.o)
 .ARM.attributes
                0x0000000000000680       0x34 /usr/local/mcuxpressoide-11.7.1_9221/ide/plugins/com.nxp.mcuxpresso.tools.linux_11.7.1.202301190959/tools/bin/../lib/gcc/arm-none-eabi/10.3.1/../../../../arm-none-eabi/lib/thumb/v7e-m+fp/hard/libcr_c.a(_cr_check_heap.o)
 .ARM.attributes
                0x00000000000006b4       0x34 /usr/local/mcuxpressoide-11.7.1_9221/ide/plugins/com.nxp.mcuxpresso.tools.linux_11.7.1.202301190959/tools/bin/../lib/gcc/arm-none-eabi/10.3.1/../../../../arm-none-eabi/lib/thumb/v7e-m+fp/hard/libcr_c.a(_do_fflush.o)
 .ARM.attributes
                0x00000000000006e8       0x20 /usr/local/mcuxpressoide-11.7.1_9221/ide/plugins/com.nxp.mcuxpresso.tools.linux_11.7.1.202301190959/tools/bin/../lib/gcc/arm-none-eabi/10.3.1/thumb/v7e-m+fp/hard/libcr_eabihelpers.a(memcpy.o)
 .ARM.attributes
                0x0000000000000708       0x34 /usr/local/mcuxpressoide-11.7.1_9221/ide/plugins/com.nxp.mcuxpresso.tools.linux_11.7.1.202301190959/tools/bin/../lib/gcc/arm-none-eabi/10.3.1/../../../../arm-none-eabi/lib/thumb/v7e-m+fp/hard/libcr_nohost_nf.a(__sys_close.o)
 .ARM.attributes
                0x000000000000073c       0x34 /usr/local/mcuxpressoide-11.7.1_9221/ide/plugins/com.nxp.mcuxpresso.tools.linux_11.7.1.202301190959/tools/bin/../lib/gcc/arm-none-eabi/10.3.1/../../../../arm-none-eabi/lib/thumb/v7e-m+fp/hard/libcr_nohost_nf.a(__sys_flen.o)
 .ARM.attributes
                0x0000000000000770       0x34 /usr/local/mcuxpressoide-11.7.1_9221/ide/plugins/com.nxp.mcuxpresso.tools.linux_11.7.1.202301190959/tools/bin/../lib/gcc/arm-none-eabi/10.3.1/../../../../arm-none-eabi/lib/thumb/v7e-m+fp/hard/libcr_nohost_nf.a(__sys_istty.o)
 .ARM.attributes
                0x00000000000007a4       0x34 /usr/local/mcuxpressoide-11.7.1_9221/ide/plugins/com.nxp.mcuxpresso.tools.linux_11.7.1.202301190959/tools/bin/../lib/gcc/arm-none-eabi/10.3.1/../../../../arm-none-eabi/lib/thumb/v7e-m+fp/hard/libcr_nohost_nf.a(__sys_remove.o)
 .ARM.attributes
                0x00000000000007d8       0x34 /usr/local/mcuxpressoide-11.7.1_9221/ide/plugins/com.nxp.mcuxpresso.tools.linux_11.7.1.202301190959/tools/bin/../lib/gcc/arm-none-eabi/10.3.1/../../../../arm-none-eabi/lib/thumb/v7e-m+fp/hard/libcr_nohost_nf.a(__sys_seek.o)
 .ARM.attributes
                0x000000000000080c       0x34 /usr/local/mcuxpressoide-11.7.1_9221/ide/plugins/com.nxp.mcuxpresso.tools.linux_11.7.1.202301190959/tools/bin/../lib/gcc/arm-none-eabi/10.3.1/../../../../arm-none-eabi/lib/thumb/v7e-m+fp/hard/libcr_nohost_nf.a(__sys_tmpnam.o)
 .ARM.attributes
                0x0000000000000840       0x34 /usr/local/mcuxpressoide-11.7.1_9221/ide/plugins/com.nxp.mcuxpresso.tools.linux_11.7.1.202301190959/tools/bin/../lib/gcc/arm-none-eabi/10.3.1/../../../../arm-none-eabi/lib/thumb/v7e-m+fp/hard/libcr_nohost_nf.a(__sys_write.o)

.debug_frame    0x0000000000000000     0x2524
 .debug_frame   0x0000000000000000      0x8fc ./startup/startup_mk64f12.o
 .debug_frame   0x00000000000008fc       0xf4 ./source/MK64F12_Project.o
 .debug_frame   0x00000000000009f0       0x20 ./source/semihost_hardfault.o
 .debug_frame   0x0000000000000a10      0x890 ./drivers/fsl_clock.o
 .debug_frame   0x00000000000012a0      0x694 ./drivers/fsl_i2c.o
 .debug_frame   0x0000000000001934      0x74c ./drivers/fsl_uart.o
 .debug_frame   0x0000000000002080       0x74 ./device/system_MK64F12.o
 .debug_frame   0x00000000000020f4      0x1ec ./board/clock_config.o
 .debug_frame   0x00000000000022e0       0x4c ./board/peripherals.o
 .debug_frame   0x000000000000232c      0x1f8 ./board/pin_mux.o

Cross Reference Table

Symbol                                            File
ADC0_DriverIRQHandler                             ./startup/startup_mk64f12.o
ADC0_IRQHandler                                   ./startup/startup_mk64f12.o
ADC16_ClearStatusFlags                            ./drivers/fsl_adc16.o
ADC16_Deinit                                      ./drivers/fsl_adc16.o
ADC16_DoAutoCalibration                           ./drivers/fsl_adc16.o
ADC16_GetChannelStatusFlags                       ./drivers/fsl_adc16.o
ADC16_GetDefaultConfig                            ./drivers/fsl_adc16.o
ADC16_GetStatusFlags                              ./drivers/fsl_adc16.o
ADC16_Init                                        ./drivers/fsl_adc16.o
ADC16_SetChannelConfig                            ./drivers/fsl_adc16.o
ADC16_SetChannelMuxMode                           ./drivers/fsl_adc16.o
ADC16_SetHardwareAverage                          ./drivers/fsl_adc16.o
ADC16_SetHardwareCompareConfig                    ./drivers/fsl_adc16.o
ADC1_DriverIRQHandler                             ./startup/startup_mk64f12.o
ADC1_IRQHandler                                   ./startup/startup_mk64f12.o
BOARD_BootClockRUN                                ./board/clock_config.o
BOARD_BootClockVLPR                               ./board/clock_config.o
BOARD_InitACCELPins                               ./board/pin_mux.o
BOARD_InitBootClocks                              ./board/clock_config.o
                                                  ./source/MK64F12_Project.o
BOARD_InitBootPeripherals                         ./board/peripherals.o
                                                  ./source/MK64F12_Project.o
BOARD_InitBootPins                                ./board/pin_mux.o
                                                  ./source/MK64F12_Project.o
BOARD_InitButtonsPins                             ./board/pin_mux.o
BOARD_InitDEBUG_UARTPins                          ./board/pin_mux.o
BOARD_InitDebugConsole                            ./board/board.o
BOARD_InitENETPins                                ./board/pin_mux.o
BOARD_InitLEDsPins                                ./board/pin_mux.o
BOARD_InitOSCPins                                 ./board/pin_mux.o
BOARD_InitPeripherals                             ./board/peripherals.o
BOARD_InitPins                                    ./board/pin_mux.o
BOARD_InitSDHCPins                                ./board/pin_mux.o
BOARD_InitUSBPins                                 ./board/pin_mux.o
BusFault_Handler                                  ./startup/startup_mk64f12.o
CAN0_Bus_Off_IRQHandler                           ./startup/startup_mk64f12.o
CAN0_DriverIRQHandler                             ./startup/startup_mk64f12.o
CAN0_Error_IRQHandler                             ./startup/startup_mk64f12.o
CAN0_ORed_Message_buffer_IRQHandler               ./startup/startup_mk64f12.o
CAN0_Rx_Warning_IRQHandler                        ./startup/startup_mk64f12.o
CAN0_Tx_Warning_IRQHandler                        ./startup/startup_mk64f12.o
CAN0_Wake_Up_IRQHandler                           ./startup/startup_mk64f12.o
CLOCK_BootToBlpeMode                              ./drivers/fsl_clock.o
CLOCK_BootToBlpiMode                              ./drivers/fsl_clock.o
                                                  ./board/clock_config.o
CLOCK_BootToFeeMode                               ./drivers/fsl_clock.o
CLOCK_BootToFeiMode                               ./drivers/fsl_clock.o
CLOCK_BootToPeeMode                               ./drivers/fsl_clock.o
                                                  ./board/clock_config.o
CLOCK_CalcPllDiv                                  ./drivers/fsl_clock.o
CLOCK_ClearStatusFlags                            ./drivers/fsl_clock.o
CLOCK_DeinitOsc0                                  ./drivers/fsl_clock.o
CLOCK_EnablePll0                                  ./drivers/fsl_clock.o
CLOCK_EnableUsbfs0Clock                           ./drivers/fsl_clock.o
                                                  ./board/clock_config.o
CLOCK_ExternalModeToFbeModeQuick                  ./drivers/fsl_clock.o